#
# There is insufficient memory for the Java Runtime Environment to continue.
# Native memory allocation (malloc) failed to allocate 638496 bytes. Error detail: Chunk::new
# Possible reasons:
#   The system is out of physical RAM or swap space
#   This process is running with CompressedOops enabled, and the Java Heap may be blocking the growth of the native heap
# Possible solutions:
#   Reduce memory load on the system
#   Increase physical memory or swap space
#   Check if swap backing store is full
#   Decrease Java heap size (-Xmx/-Xms)
#   Decrease number of Java threads
#   Decrease Java thread stack sizes (-Xss)
#   Set larger code cache with -XX:ReservedCodeCacheSize=
#   JVM is running with Unscaled Compressed Oops mode in which the Java heap is
#     placed in the first 4GB address space. The Java Heap base address is the
#     maximum limit for the native heap growth. Please use -XX:HeapBaseMinAddress
#     to set the Java Heap base and to place the Java Heap above 4GB virtual address.
# This output file may be truncated or incomplete.
#
#  Out of Memory Error (arena.cpp:168), pid=18744, tid=13472
#
# JRE version: OpenJDK Runtime Environment (21.0.10) (build 21.0.10+-14961533-b1163.108)
# Java VM: OpenJDK 64-Bit Server VM (21.0.10+-14961533-b1163.108, mixed mode, tiered, compressed oops, compressed class ptrs, g1 gc, windows-amd64)
# No core dump will be written. Minidumps are not enabled by default on client versions of Windows
#

---------------  S U M M A R Y ------------

Command Line: --add-opens=java.base/java.lang=ALL-UNNAMED --add-opens=java.base/java.lang.invoke=ALL-UNNAMED --add-opens=java.base/java.util=ALL-UNNAMED --add-opens=java.prefs/java.util.prefs=ALL-UNNAMED --add-exports=jdk.compiler/com.sun.tools.javac.api=ALL-UNNAMED --add-exports=jdk.compiler/com.sun.tools.javac.util=ALL-UNNAMED --add-opens=java.base/java.util=ALL-UNNAMED --add-opens=java.prefs/java.util.prefs=ALL-UNNAMED --add-opens=java.base/java.nio.charset=ALL-UNNAMED --add-opens=java.base/java.net=ALL-UNNAMED --add-opens=java.base/java.util.concurrent.atomic=ALL-UNNAMED --add-opens=java.xml/javax.xml.namespace=ALL-UNNAMED -XX:MaxMetaspaceSize=1024m -XX:+UseG1GC -Xmx2048m -Dfile.encoding=UTF-8 -Duser.country=IN -Duser.language=en -Duser.variant -javaagent:C:\Users\hp\.gradle\wrapper\dists\gradle-8.14.3-bin\cv11ve7ro1n3o1j4so8xd9n66\gradle-8.14.3\lib\agents\gradle-instrumentation-agent-8.14.3.jar org.gradle.launcher.daemon.bootstrap.GradleDaemon 8.14.3

Host: Intel(R) Core(TM) i5-6200U CPU @ 2.30GHz, 4 cores, 7G,  Windows 10 , 64 bit Build 19041 (10.0.19041.7291)
Time: Tue Jul 21 06:23:27 2026 US Eastern Daylight Time elapsed time: 29.089237 seconds (0d 0h 0m 29s)

---------------  T H R E A D  ---------------

Current thread (0x000002bd69bf7a90):  JavaThread "C2 CompilerThread0" daemon [_thread_in_native, id=13472, stack(0x000000bf49f00000,0x000000bf4a000000) (1024K)]


Current CompileTask:
C2:29089 2938   !   4       java.lang.ClassLoader::loadClass (121 bytes)

Stack: [0x000000bf49f00000,0x000000bf4a000000]
Native frames: (J=compiled Java code, j=interpreted, Vv=VM code, C=native code)
V  [jvm.dll+0x6d78a9]
V  [jvm.dll+0x8665b3]
V  [jvm.dll+0x868bde]
V  [jvm.dll+0x8692c3]
V  [jvm.dll+0x280ee6]
V  [jvm.dll+0xc07cd]
V  [jvm.dll+0xc0d03]
V  [jvm.dll+0x2f6170]
V  [jvm.dll+0x6003e9]
V  [jvm.dll+0x252ce2]
V  [jvm.dll+0x24b62a]
V  [jvm.dll+0x24909e]
V  [jvm.dll+0x1c76e4]
V  [jvm.dll+0x25891e]
V  [jvm.dll+0x256e66]
V  [jvm.dll+0x3f513e]
V  [jvm.dll+0x80fd28]
V  [jvm.dll+0x6d60fd]
C  [ucrtbase.dll+0x21bb2]
C  [KERNEL32.DLL+0x17374]
C  [ntdll.dll+0x4cc91]


---------------  P R O C E S S  ---------------

Threads class SMR info:
_java_thread_list=0x000002bd6ff26780, length=23, elements={
0x000002bd52be4120, 0x000002bd69bde2d0, 0x000002bd69bf1640, 0x000002bd69bf2360,
0x000002bd69bf3dd0, 0x000002bd69bf4830, 0x000002bd69bf5290, 0x000002bd69bf5cf0,
0x000002bd69bf7a90, 0x000002bd69c74e60, 0x000002bd69f402c0, 0x000002bd6f113610,
0x000002bd6fdf79b0, 0x000002bd6ecc6f90, 0x000002bd6e1f8600, 0x000002bd6f36ac40,
0x000002bd6fdd6eb0, 0x000002bd6fdb8660, 0x000002bd6fdba0a0, 0x000002bd6fdbadc0,
0x000002bd6fdba730, 0x000002bd6fdb9a10, 0x000002bd6fdb8cf0
}

Java Threads: ( => current thread )
  0x000002bd52be4120 JavaThread "main"                              [_thread_blocked, id=14340, stack(0x000000bf49000000,0x000000bf49100000) (1024K)]
  0x000002bd69bde2d0 JavaThread "Common-Cleaner"             daemon [_thread_blocked, id=20300, stack(0x000000bf49800000,0x000000bf49900000) (1024K)]
  0x000002bd69bf1640 JavaThread "Reference Handler"          daemon [_thread_blocked, id=14188, stack(0x000000bf49900000,0x000000bf49a00000) (1024K)]
  0x000002bd69bf2360 JavaThread "Finalizer"                  daemon [_thread_blocked, id=17360, stack(0x000000bf49a00000,0x000000bf49b00000) (1024K)]
  0x000002bd69bf3dd0 JavaThread "Signal Dispatcher"          daemon [_thread_blocked, id=21248, stack(0x000000bf49b00000,0x000000bf49c00000) (1024K)]
  0x000002bd69bf4830 JavaThread "Attach Listener"            daemon [_thread_blocked, id=14072, stack(0x000000bf49c00000,0x000000bf49d00000) (1024K)]
  0x000002bd69bf5290 JavaThread "Service Thread"             daemon [_thread_blocked, id=13248, stack(0x000000bf49d00000,0x000000bf49e00000) (1024K)]
  0x000002bd69bf5cf0 JavaThread "Monitor Deflation Thread"   daemon [_thread_blocked, id=12312, stack(0x000000bf49e00000,0x000000bf49f00000) (1024K)]
=>0x000002bd69bf7a90 JavaThread "C2 CompilerThread0"         daemon [_thread_in_native, id=13472, stack(0x000000bf49f00000,0x000000bf4a000000) (1024K)]
  0x000002bd69c74e60 JavaThread "C1 CompilerThread0"         daemon [_thread_blocked, id=10224, stack(0x000000bf4a000000,0x000000bf4a100000) (1024K)]
  0x000002bd69f402c0 JavaThread "Notification Thread"        daemon [_thread_blocked, id=12484, stack(0x000000bf4a100000,0x000000bf4a200000) (1024K)]
  0x000002bd6f113610 JavaThread "Daemon health stats"               [_thread_blocked, id=16768, stack(0x000000bf4a500000,0x000000bf4a600000) (1024K)]
  0x000002bd6fdf79b0 JavaThread "Incoming local TCP Connector on port 59697"        [_thread_in_native, id=20944, stack(0x000000bf4a600000,0x000000bf4a700000) (1024K)]
  0x000002bd6ecc6f90 JavaThread "Daemon periodic checks"            [_thread_blocked, id=20536, stack(0x000000bf4a700000,0x000000bf4a800000) (1024K)]
  0x000002bd6e1f8600 JavaThread "Daemon"                            [_thread_blocked, id=16032, stack(0x000000bf4a800000,0x000000bf4a900000) (1024K)]
  0x000002bd6f36ac40 JavaThread "Handler for socket connection from /127.0.0.1:59697 to /127.0.0.1:59698"        [_thread_in_native, id=1448, stack(0x000000bf4a900000,0x000000bf4aa00000) (1024K)]
  0x000002bd6fdd6eb0 JavaThread "Cancel handler"                    [_thread_blocked, id=16572, stack(0x000000bf4aa00000,0x000000bf4ab00000) (1024K)]
  0x000002bd6fdb8660 JavaThread "Daemon worker"                     [_thread_in_native, id=21664, stack(0x000000bf4ab00000,0x000000bf4ac00000) (1024K)]
  0x000002bd6fdba0a0 JavaThread "Asynchronous log dispatcher for DefaultDaemonConnection: socket connection from /127.0.0.1:59697 to /127.0.0.1:59698"        [_thread_blocked, id=22068, stack(0x000000bf4ac00000,0x000000bf4ad00000) (1024K)]
  0x000002bd6fdbadc0 JavaThread "Stdin handler"                     [_thread_blocked, id=19644, stack(0x000000bf4ad00000,0x000000bf4ae00000) (1024K)]
  0x000002bd6fdba730 JavaThread "Daemon client event forwarder"        [_thread_blocked, id=8400, stack(0x000000bf4ae00000,0x000000bf4af00000) (1024K)]
  0x000002bd6fdb9a10 JavaThread "Cache worker for journal cache (C:\Users\hp\.gradle\caches\journal-1)"        [_thread_blocked, id=17200, stack(0x000000bf4af00000,0x000000bf4b000000) (1024K)]
  0x000002bd6fdb8cf0 JavaThread "File lock request listener"        [_thread_in_native, id=9452, stack(0x000000bf4b000000,0x000000bf4b100000) (1024K)]
Total: 23

Other Threads:
  0x000002bd69a3b800 VMThread "VM Thread"                           [id=15776, stack(0x000000bf49700000,0x000000bf49800000) (1024K)]
  0x000002bd699e0410 WatcherThread "VM Periodic Task Thread"        [id=14968, stack(0x000000bf49600000,0x000000bf49700000) (1024K)]
  0x000002bd52c3b290 WorkerThread "GC Thread#0"                     [id=14140, stack(0x000000bf49100000,0x000000bf49200000) (1024K)]
  0x000002bd6e1e01b0 WorkerThread "GC Thread#1"                     [id=10292, stack(0x000000bf4a200000,0x000000bf4a300000) (1024K)]
  0x000002bd6e1e0560 WorkerThread "GC Thread#2"                     [id=21184, stack(0x000000bf4a300000,0x000000bf4a400000) (1024K)]
  0x000002bd6e3ab2e0 WorkerThread "GC Thread#3"                     [id=17632, stack(0x000000bf4a400000,0x000000bf4a500000) (1024K)]
  0x000002bd52c4c190 ConcurrentGCThread "G1 Main Marker"            [id=7772, stack(0x000000bf49200000,0x000000bf49300000) (1024K)]
  0x000002bd52c4dbc0 WorkerThread "G1 Conc#0"                       [id=11572, stack(0x000000bf49300000,0x000000bf49400000) (1024K)]
  0x000002bd698a90f0 ConcurrentGCThread "G1 Refine#0"               [id=9640, stack(0x000000bf49400000,0x000000bf49500000) (1024K)]
  0x000002bd698a9a80 ConcurrentGCThread "G1 Service"                [id=15400, stack(0x000000bf49500000,0x000000bf49600000) (1024K)]
Total: 10

Threads with active compile tasks:
C2 CompilerThread0  29137 2938   !   4       java.lang.ClassLoader::loadClass (121 bytes)
Total: 1

VM state: not at safepoint (normal execution)

VM Mutex/Monitor currently owned by a thread: None

Heap address: 0x0000000080000000, size: 2048 MB, Compressed Oops mode: 32-bit

CDS archive(s) not mapped
Compressed class space mapped at: 0x0000000100000000-0x0000000134000000, reserved size: 872415232
Narrow klass base: 0x0000000000000000, Narrow klass shift: 3, Narrow klass range: 0x134000000

GC Precious Log:
 CardTable entry size: 512
 Card Set container configuration: InlinePtr #cards 5 size 8 Array Of Cards #cards 12 size 40 Howl #buckets 4 coarsen threshold 1843 Howl Bitmap #cards 512 size 80 coarsen threshold 460 Card regions per heap region 1 cards per card region 2048
 CPUs: 4 total, 4 available
 Memory: 8088M
 Large Page Support: Disabled
 NUMA Support: Disabled
 Compressed Oops: Enabled (32-bit)
 Heap Region Size: 1M
 Heap Min Capacity: 8M
 Heap Initial Capacity: 128M
 Heap Max Capacity: 2G
 Pre-touch: Disabled
 Parallel Workers: 4
 Concurrent Workers: 1
 Concurrent Refinement Workers: 4
 Periodic GC: Disabled

Heap:
 garbage-first heap   total 71680K, used 40437K [0x0000000080000000, 0x0000000100000000)
  region size 1024K, 25 young (25600K), 3 survivors (3072K)
 Metaspace       used 25223K, committed 25600K, reserved 917504K
  class space    used 3147K, committed 3328K, reserved 851968K

Heap Regions: E=young(eden), S=young(survivor), O=old, HS=humongous(starts), HC=humongous(continues), CS=collection set, F=free, TAMS=top-at-mark-start, PB=parsable bottom
|   0|0x0000000080000000, 0x0000000080100000, 0x0000000080100000|100%|HS|  |TAMS 0x0000000080000000| PB 0x0000000080000000| Complete 
|   1|0x0000000080100000, 0x0000000080200000, 0x0000000080200000|100%|HC|  |TAMS 0x0000000080100000| PB 0x0000000080100000| Complete 
|   2|0x0000000080200000, 0x0000000080300000, 0x0000000080300000|100%|HC|  |TAMS 0x0000000080200000| PB 0x0000000080200000| Complete 
|   3|0x0000000080300000, 0x0000000080400000, 0x0000000080400000|100%|HS|  |TAMS 0x0000000080300000| PB 0x0000000080300000| Complete 
|   4|0x0000000080400000, 0x0000000080500000, 0x0000000080500000|100%| O|  |TAMS 0x0000000080400000| PB 0x0000000080400000| Untracked 
|   5|0x0000000080500000, 0x0000000080600000, 0x0000000080600000|100%| O|  |TAMS 0x0000000080500000| PB 0x0000000080500000| Untracked 
|   6|0x0000000080600000, 0x0000000080700000, 0x0000000080700000|100%| O|  |TAMS 0x0000000080600000| PB 0x0000000080600000| Untracked 
|   7|0x0000000080700000, 0x0000000080800000, 0x0000000080800000|100%| O|  |TAMS 0x0000000080700000| PB 0x0000000080700000| Untracked 
|   8|0x0000000080800000, 0x0000000080900000, 0x0000000080900000|100%| O|  |TAMS 0x0000000080800000| PB 0x0000000080800000| Untracked 
|   9|0x0000000080900000, 0x0000000080a00000, 0x0000000080a00000|100%| O|  |TAMS 0x0000000080900000| PB 0x0000000080900000| Untracked 
|  10|0x0000000080a00000, 0x0000000080b00000, 0x0000000080b00000|100%| O|  |TAMS 0x0000000080a00000| PB 0x0000000080a00000| Untracked 
|  11|0x0000000080b00000, 0x0000000080c00000, 0x0000000080c00000|100%| O|  |TAMS 0x0000000080b00000| PB 0x0000000080b00000| Untracked 
|  12|0x0000000080c00000, 0x0000000080d00000, 0x0000000080d00000|100%| O|  |TAMS 0x0000000080c00000| PB 0x0000000080c00000| Untracked 
|  13|0x0000000080d00000, 0x0000000080e00000, 0x0000000080e00000|100%| O|  |TAMS 0x0000000080d00000| PB 0x0000000080d00000| Untracked 
|  14|0x0000000080e00000, 0x0000000080f00000, 0x0000000080f00000|100%| O|  |TAMS 0x0000000080e00000| PB 0x0000000080e00000| Untracked 
|  15|0x0000000080f00000, 0x0000000081000000, 0x0000000081000000|100%| O|  |TAMS 0x0000000080f00000| PB 0x0000000080f00000| Untracked 
|  16|0x0000000081000000, 0x0000000081100000, 0x0000000081100000|100%| O|  |TAMS 0x0000000081000000| PB 0x0000000081000000| Untracked 
|  17|0x0000000081100000, 0x0000000081143570, 0x0000000081200000| 26%| O|Cm|TAMS 0x0000000081100000| PB 0x0000000081100000| Complete 
|  18|0x0000000081200000, 0x0000000081200000, 0x0000000081300000|  0%| F|  |TAMS 0x0000000081200000| PB 0x0000000081200000| Untracked 
|  19|0x0000000081300000, 0x0000000081300000, 0x0000000081400000|  0%| F|  |TAMS 0x0000000081300000| PB 0x0000000081300000| Untracked 
|  20|0x0000000081400000, 0x0000000081400000, 0x0000000081500000|  0%| F|  |TAMS 0x0000000081400000| PB 0x0000000081400000| Untracked 
|  21|0x0000000081500000, 0x0000000081500000, 0x0000000081600000|  0%| F|  |TAMS 0x0000000081500000| PB 0x0000000081500000| Untracked 
|  22|0x0000000081600000, 0x0000000081600000, 0x0000000081700000|  0%| F|  |TAMS 0x0000000081600000| PB 0x0000000081600000| Untracked 
|  23|0x0000000081700000, 0x0000000081700000, 0x0000000081800000|  0%| F|  |TAMS 0x0000000081700000| PB 0x0000000081700000| Untracked 
|  24|0x0000000081800000, 0x0000000081800000, 0x0000000081900000|  0%| F|  |TAMS 0x0000000081800000| PB 0x0000000081800000| Untracked 
|  25|0x0000000081900000, 0x0000000081900000, 0x0000000081a00000|  0%| F|  |TAMS 0x0000000081900000| PB 0x0000000081900000| Untracked 
|  26|0x0000000081a00000, 0x0000000081a00000, 0x0000000081b00000|  0%| F|  |TAMS 0x0000000081a00000| PB 0x0000000081a00000| Untracked 
|  27|0x0000000081b00000, 0x0000000081b00000, 0x0000000081c00000|  0%| F|  |TAMS 0x0000000081b00000| PB 0x0000000081b00000| Untracked 
|  28|0x0000000081c00000, 0x0000000081c00000, 0x0000000081d00000|  0%| F|  |TAMS 0x0000000081c00000| PB 0x0000000081c00000| Untracked 
|  29|0x0000000081d00000, 0x0000000081d00000, 0x0000000081e00000|  0%| F|  |TAMS 0x0000000081d00000| PB 0x0000000081d00000| Untracked 
|  30|0x0000000081e00000, 0x0000000081e00000, 0x0000000081f00000|  0%| F|  |TAMS 0x0000000081e00000| PB 0x0000000081e00000| Untracked 
|  31|0x0000000081f00000, 0x0000000081f00000, 0x0000000082000000|  0%| F|  |TAMS 0x0000000081f00000| PB 0x0000000081f00000| Untracked 
|  32|0x0000000082000000, 0x0000000082000000, 0x0000000082100000|  0%| F|  |TAMS 0x0000000082000000| PB 0x0000000082000000| Untracked 
|  33|0x0000000082100000, 0x0000000082100000, 0x0000000082200000|  0%| F|  |TAMS 0x0000000082100000| PB 0x0000000082100000| Untracked 
|  34|0x0000000082200000, 0x0000000082200000, 0x0000000082300000|  0%| F|  |TAMS 0x0000000082200000| PB 0x0000000082200000| Untracked 
|  35|0x0000000082300000, 0x0000000082300000, 0x0000000082400000|  0%| F|  |TAMS 0x0000000082300000| PB 0x0000000082300000| Untracked 
|  36|0x0000000082400000, 0x0000000082400000, 0x0000000082500000|  0%| F|  |TAMS 0x0000000082400000| PB 0x0000000082400000| Untracked 
|  37|0x0000000082500000, 0x0000000082500000, 0x0000000082600000|  0%| F|  |TAMS 0x0000000082500000| PB 0x0000000082500000| Untracked 
|  38|0x0000000082600000, 0x0000000082600000, 0x0000000082700000|  0%| F|  |TAMS 0x0000000082600000| PB 0x0000000082600000| Untracked 
|  39|0x0000000082700000, 0x0000000082700000, 0x0000000082800000|  0%| F|  |TAMS 0x0000000082700000| PB 0x0000000082700000| Untracked 
|  40|0x0000000082800000, 0x0000000082800000, 0x0000000082900000|  0%| F|  |TAMS 0x0000000082800000| PB 0x0000000082800000| Untracked 
|  41|0x0000000082900000, 0x0000000082900000, 0x0000000082a00000|  0%| F|  |TAMS 0x0000000082900000| PB 0x0000000082900000| Untracked 
|  42|0x0000000082a00000, 0x0000000082a00000, 0x0000000082b00000|  0%| F|  |TAMS 0x0000000082a00000| PB 0x0000000082a00000| Untracked 
|  43|0x0000000082b00000, 0x0000000082b00000, 0x0000000082c00000|  0%| F|  |TAMS 0x0000000082b00000| PB 0x0000000082b00000| Untracked 
|  44|0x0000000082c00000, 0x0000000082c00000, 0x0000000082d00000|  0%| F|  |TAMS 0x0000000082c00000| PB 0x0000000082c00000| Untracked 
|  45|0x0000000082d00000, 0x0000000082dfc970, 0x0000000082e00000| 98%| E|  |TAMS 0x0000000082d00000| PB 0x0000000082d00000| Complete 
|  46|0x0000000082e00000, 0x0000000082f00000, 0x0000000082f00000|100%| E|CS|TAMS 0x0000000082e00000| PB 0x0000000082e00000| Complete 
|  47|0x0000000082f00000, 0x0000000083000000, 0x0000000083000000|100%| E|CS|TAMS 0x0000000082f00000| PB 0x0000000082f00000| Complete 
|  48|0x0000000083000000, 0x0000000083100000, 0x0000000083100000|100%| E|CS|TAMS 0x0000000083000000| PB 0x0000000083000000| Complete 
|  49|0x0000000083100000, 0x0000000083200000, 0x0000000083200000|100%| E|CS|TAMS 0x0000000083100000| PB 0x0000000083100000| Complete 
|  50|0x0000000083200000, 0x0000000083300000, 0x0000000083300000|100%| E|CS|TAMS 0x0000000083200000| PB 0x0000000083200000| Complete 
|  51|0x0000000083300000, 0x0000000083400000, 0x0000000083400000|100%| E|CS|TAMS 0x0000000083300000| PB 0x0000000083300000| Complete 
|  52|0x0000000083400000, 0x0000000083500000, 0x0000000083500000|100%| E|CS|TAMS 0x0000000083400000| PB 0x0000000083400000| Complete 
|  53|0x0000000083500000, 0x0000000083600000, 0x0000000083600000|100%| E|CS|TAMS 0x0000000083500000| PB 0x0000000083500000| Complete 
|  54|0x0000000083600000, 0x0000000083700000, 0x0000000083700000|100%| E|CS|TAMS 0x0000000083600000| PB 0x0000000083600000| Complete 
|  55|0x0000000083700000, 0x0000000083800000, 0x0000000083800000|100%| E|CS|TAMS 0x0000000083700000| PB 0x0000000083700000| Complete 
|  56|0x0000000083800000, 0x0000000083900000, 0x0000000083900000|100%| E|CS|TAMS 0x0000000083800000| PB 0x0000000083800000| Complete 
|  57|0x0000000083900000, 0x0000000083a00000, 0x0000000083a00000|100%| E|CS|TAMS 0x0000000083900000| PB 0x0000000083900000| Complete 
|  58|0x0000000083a00000, 0x0000000083b00000, 0x0000000083b00000|100%| E|CS|TAMS 0x0000000083a00000| PB 0x0000000083a00000| Complete 
|  59|0x0000000083b00000, 0x0000000083c00000, 0x0000000083c00000|100%| E|CS|TAMS 0x0000000083b00000| PB 0x0000000083b00000| Complete 
|  60|0x0000000083c00000, 0x0000000083d00000, 0x0000000083d00000|100%| E|  |TAMS 0x0000000083c00000| PB 0x0000000083c00000| Complete 
|  61|0x0000000083d00000, 0x0000000083e00000, 0x0000000083e00000|100%| E|CS|TAMS 0x0000000083d00000| PB 0x0000000083d00000| Complete 
|  62|0x0000000083e00000, 0x0000000083f00000, 0x0000000083f00000|100%| E|CS|TAMS 0x0000000083e00000| PB 0x0000000083e00000| Complete 
|  63|0x0000000083f00000, 0x0000000084000000, 0x0000000084000000|100%| E|CS|TAMS 0x0000000083f00000| PB 0x0000000083f00000| Complete 
|  64|0x0000000084000000, 0x0000000084100000, 0x0000000084100000|100%| E|CS|TAMS 0x0000000084000000| PB 0x0000000084000000| Complete 
|  65|0x0000000084100000, 0x0000000084200000, 0x0000000084200000|100%| E|CS|TAMS 0x0000000084100000| PB 0x0000000084100000| Complete 
| 101|0x0000000086500000, 0x000000008653a0a8, 0x0000000086600000| 22%| S|CS|TAMS 0x0000000086500000| PB 0x0000000086500000| Complete 
| 102|0x0000000086600000, 0x0000000086700000, 0x0000000086700000|100%| S|CS|TAMS 0x0000000086600000| PB 0x0000000086600000| Complete 
| 103|0x0000000086700000, 0x0000000086800000, 0x0000000086800000|100%| S|CS|TAMS 0x0000000086700000| PB 0x0000000086700000| Complete 
| 127|0x0000000087f00000, 0x0000000088000000, 0x0000000088000000|100%| E|CS|TAMS 0x0000000087f00000| PB 0x0000000087f00000| Complete 

Card table byte_map: [0x000002bd65150000,0x000002bd65550000] _byte_map_base: 0x000002bd64d50000

Marking Bits: (CMBitMap*) 0x000002bd52c3b8b0
 Bits: [0x000002bd65550000, 0x000002bd67550000)

Polling page: 0x000002bd50a40000

Metaspace:

Usage:
  Non-class:     21.56 MB used.
      Class:      3.07 MB used.
       Both:     24.63 MB used.

Virtual space:
  Non-class space:       64.00 MB reserved,      21.75 MB ( 34%) committed,  1 nodes.
      Class space:      832.00 MB reserved,       3.25 MB ( <1%) committed,  1 nodes.
             Both:      896.00 MB reserved,      25.00 MB (  3%) committed. 

Chunk freelists:
   Non-Class:  9.39 MB
       Class:  12.69 MB
        Both:  22.08 MB

MaxMetaspaceSize: 1.00 GB
CompressedClassSpaceSize: 832.00 MB
Initial GC threshold: 21.00 MB
Current GC threshold: 35.25 MB
CDS: off
 - commit_granule_bytes: 65536.
 - commit_granule_words: 8192.
 - virtual_space_node_default_size: 8388608.
 - enlarge_chunks_in_place: 1.
 - use_allocation_guard: 0.


Internal statistics:

num_allocs_failed_limit: 3.
num_arena_births: 466.
num_arena_deaths: 0.
num_vsnodes_births: 2.
num_vsnodes_deaths: 0.
num_space_committed: 400.
num_space_uncommitted: 0.
num_chunks_returned_to_freelist: 3.
num_chunks_taken_from_freelist: 997.
num_chunk_merges: 3.
num_chunk_splits: 655.
num_chunks_enlarged: 466.
num_inconsistent_stats: 0.

CodeHeap 'non-profiled nmethods': size=120000Kb used=1638Kb max_used=1638Kb free=118361Kb
 bounds [0x000002bd5d820000, 0x000002bd5da90000, 0x000002bd64d50000]
CodeHeap 'profiled nmethods': size=120000Kb used=5867Kb max_used=5867Kb free=114132Kb
 bounds [0x000002bd55d50000, 0x000002bd56310000, 0x000002bd5d280000]
CodeHeap 'non-nmethods': size=5760Kb used=1367Kb max_used=1387Kb free=4392Kb
 bounds [0x000002bd5d280000, 0x000002bd5d4f0000, 0x000002bd5d820000]
CodeCache: size=245760Kb, used=8872Kb, max_used=8892Kb, free=236885Kb
 total_blobs=3497, nmethods=2947, adapters=454, full_count=0
Compilation: enabled, stopped_count=0, restarted_count=0

Compilation events (20 events):
Event: 29.000 Thread 0x000002bd69c74e60 2946       3       java.util.regex.Pattern$BmpCharPropertyGreedy::match (89 bytes)
Event: 29.000 Thread 0x000002bd69c74e60 nmethod 2946 0x000002bd56305a90 code [0x000002bd56305c80, 0x000002bd56306290]
Event: 29.000 Thread 0x000002bd69c74e60 2947       3       java.util.regex.Matcher::checkGroup (41 bytes)
Event: 29.001 Thread 0x000002bd69c74e60 nmethod 2947 0x000002bd56306490 code [0x000002bd563066c0, 0x000002bd56306d28]
Event: 29.001 Thread 0x000002bd69c74e60 2948       3       java.util.TreeMap::setColor (10 bytes)
Event: 29.001 Thread 0x000002bd69c74e60 nmethod 2948 0x000002bd56307010 code [0x000002bd563071a0, 0x000002bd563072c8]
Event: 29.002 Thread 0x000002bd69c74e60 2949       3       org.gradle.util.internal.DefaultGradleVersion::compareTo (294 bytes)
Event: 29.004 Thread 0x000002bd69c74e60 nmethod 2949 0x000002bd56307390 code [0x000002bd56307760, 0x000002bd56308d08]
Event: 29.005 Thread 0x000002bd69c74e60 2950       3       java.util.regex.Pattern$GroupTail::match (111 bytes)
Event: 29.006 Thread 0x000002bd69c74e60 nmethod 2950 0x000002bd56309510 code [0x000002bd563096e0, 0x000002bd56309a88]
Event: 29.006 Thread 0x000002bd69c74e60 2951       1       java.lang.Character::charValue (5 bytes)
Event: 29.006 Thread 0x000002bd69c74e60 nmethod 2951 0x000002bd5d9b9890 code [0x000002bd5d9b9a20, 0x000002bd5d9b9af0]
Event: 29.006 Thread 0x000002bd69c74e60 2952       3       org.gradle.util.internal.DefaultGradleVersion::compareTo (9 bytes)
Event: 29.006 Thread 0x000002bd69c74e60 nmethod 2952 0x000002bd56309c90 code [0x000002bd56309e40, 0x000002bd5630a058]
Event: 29.007 Thread 0x000002bd69c74e60 2953       3       java.util.TreeMap::leftOf (13 bytes)
Event: 29.007 Thread 0x000002bd69c74e60 nmethod 2953 0x000002bd5630a110 code [0x000002bd5630a2c0, 0x000002bd5630a428]
Event: 29.008 Thread 0x000002bd69c74e60 2954       3       java.util.regex.Pattern$TreeInfo::reset (21 bytes)
Event: 29.008 Thread 0x000002bd69c74e60 nmethod 2954 0x000002bd5630a510 code [0x000002bd5630a6a0, 0x000002bd5630a7c0]
Event: 29.009 Thread 0x000002bd69c74e60 2955       3       java.util.TreeMap$Entry::<init> (25 bytes)
Event: 29.009 Thread 0x000002bd69c74e60 nmethod 2955 0x000002bd5630a890 code [0x000002bd5630aa40, 0x000002bd5630acc0]

GC Heap History (10 events):
Event: 2.116 GC heap before
{Heap before GC invocations=0 (full 0):
 garbage-first heap   total 131072K, used 13312K [0x0000000080000000, 0x0000000100000000)
  region size 1024K, 13 young (13312K), 0 survivors (0K)
 Metaspace       used 7830K, committed 8000K, reserved 917504K
  class space    used 738K, committed 832K, reserved 851968K
}
Event: 2.273 GC heap after
{Heap after GC invocations=1 (full 0):
 garbage-first heap   total 131072K, used 1194K [0x0000000080000000, 0x0000000100000000)
  region size 1024K, 2 young (2048K), 2 survivors (2048K)
 Metaspace       used 7830K, committed 8000K, reserved 917504K
  class space    used 738K, committed 832K, reserved 851968K
}
Event: 4.999 GC heap before
{Heap before GC invocations=1 (full 0):
 garbage-first heap   total 131072K, used 26794K [0x0000000080000000, 0x0000000100000000)
  region size 1024K, 27 young (27648K), 2 survivors (2048K)
 Metaspace       used 8491K, committed 8640K, reserved 917504K
  class space    used 782K, committed 832K, reserved 851968K
}
Event: 5.005 GC heap after
{Heap after GC invocations=2 (full 0):
 garbage-first heap   total 131072K, used 1841K [0x0000000080000000, 0x0000000100000000)
  region size 1024K, 2 young (2048K), 2 survivors (2048K)
 Metaspace       used 8491K, committed 8640K, reserved 917504K
  class space    used 782K, committed 832K, reserved 851968K
}
Event: 14.158 GC heap before
{Heap before GC invocations=2 (full 0):
 garbage-first heap   total 131072K, used 79665K [0x0000000080000000, 0x0000000100000000)
  region size 1024K, 76 young (77824K), 2 survivors (2048K)
 Metaspace       used 12654K, committed 12736K, reserved 917504K
  class space    used 1372K, committed 1408K, reserved 851968K
}
Event: 14.168 GC heap after
{Heap after GC invocations=3 (full 0):
 garbage-first heap   total 131072K, used 10981K [0x0000000080000000, 0x0000000100000000)
  region size 1024K, 8 young (8192K), 8 survivors (8192K)
 Metaspace       used 12654K, committed 12736K, reserved 917504K
  class space    used 1372K, committed 1408K, reserved 851968K
}
Event: 21.323 GC heap before
{Heap before GC invocations=3 (full 0):
 garbage-first heap   total 131072K, used 82661K [0x0000000080000000, 0x0000000100000000)
  region size 1024K, 76 young (77824K), 8 survivors (8192K)
 Metaspace       used 15244K, committed 15424K, reserved 917504K
  class space    used 1711K, committed 1792K, reserved 851968K
}
Event: 21.338 GC heap after
{Heap after GC invocations=4 (full 0):
 garbage-first heap   total 131072K, used 17988K [0x0000000080000000, 0x0000000100000000)
  region size 1024K, 6 young (6144K), 6 survivors (6144K)
 Metaspace       used 15244K, committed 15424K, reserved 917504K
  class space    used 1711K, committed 1792K, reserved 851968K
}
Event: 25.744 GC heap before
{Heap before GC invocations=4 (full 0):
 garbage-first heap   total 131072K, used 41540K [0x0000000080000000, 0x0000000100000000)
  region size 1024K, 30 young (30720K), 6 survivors (6144K)
 Metaspace       used 21275K, committed 21504K, reserved 917504K
  class space    used 2560K, committed 2688K, reserved 851968K
}
Event: 25.754 GC heap after
{Heap after GC invocations=5 (full 0):
 garbage-first heap   total 131072K, used 19957K [0x0000000080000000, 0x0000000100000000)
  region size 1024K, 3 young (3072K), 3 survivors (3072K)
 Metaspace       used 21275K, committed 21504K, reserved 917504K
  class space    used 2560K, committed 2688K, reserved 851968K
}

Dll operation events (3 events):
Event: 0.062 Loaded shared library C:\Program Files\Android\Android Studio\jbr\bin\java.dll
Event: 0.116 Loaded shared library C:\Program Files\Android\Android Studio\jbr\bin\zip.dll
Event: 6.638 Loaded shared library C:\Program Files\Android\Android Studio\jbr\bin\verify.dll

Deoptimization events (20 events):
Event: 26.658 Thread 0x000002bd6fdb8660 DEOPT PACKING pc=0x000002bd5d97bbf0 sp=0x000000bf4abfc1f0
Event: 26.658 Thread 0x000002bd6fdb8660 DEOPT UNPACKING pc=0x000002bd5d2d43a2 sp=0x000000bf4abfc110 mode 2
Event: 26.658 Thread 0x000002bd6fdb8660 Uncommon trap: trap_request=0xffffff45 fr.pc=0x000002bd5d8d8554 relative=0x00000000000001b4
Event: 26.658 Thread 0x000002bd6fdb8660 Uncommon trap: reason=unstable_if action=reinterpret pc=0x000002bd5d8d8554 method=jdk.internal.util.ArraysSupport.mismatch([B[BI)I @ 14 c2
Event: 26.658 Thread 0x000002bd6fdb8660 DEOPT PACKING pc=0x000002bd5d8d8554 sp=0x000000bf4abfc000
Event: 26.658 Thread 0x000002bd6fdb8660 DEOPT UNPACKING pc=0x000002bd5d2d43a2 sp=0x000000bf4abfbfa8 mode 2
Event: 26.659 Thread 0x000002bd6fdb8660 Uncommon trap: trap_request=0xffffff45 fr.pc=0x000002bd5d978d7c relative=0x000000000000041c
Event: 26.659 Thread 0x000002bd6fdb8660 Uncommon trap: reason=unstable_if action=reinterpret pc=0x000002bd5d978d7c method=java.util.HashMap.getNode(Ljava/lang/Object;)Ljava/util/HashMap$Node; @ 66 c2
Event: 26.659 Thread 0x000002bd6fdb8660 DEOPT PACKING pc=0x000002bd5d978d7c sp=0x000000bf4abfc190
Event: 26.659 Thread 0x000002bd6fdb8660 DEOPT UNPACKING pc=0x000002bd5d2d43a2 sp=0x000000bf4abfc110 mode 2
Event: 26.692 Thread 0x000002bd6fdb8660 Uncommon trap: trap_request=0xffffff45 fr.pc=0x000002bd5d8c5ac4 relative=0x0000000000000284
Event: 26.692 Thread 0x000002bd6fdb8660 Uncommon trap: reason=unstable_if action=reinterpret pc=0x000002bd5d8c5ac4 method=java.util.concurrent.ConcurrentHashMap.get(Ljava/lang/Object;)Ljava/lang/Object; @ 76 c2
Event: 26.692 Thread 0x000002bd6fdb8660 DEOPT PACKING pc=0x000002bd5d8c5ac4 sp=0x000000bf4abfb6c0
Event: 26.692 Thread 0x000002bd6fdb8660 DEOPT UNPACKING pc=0x000002bd5d2d43a2 sp=0x000000bf4abfb628 mode 2
Event: 27.578 Thread 0x000002bd6fdb8660 Uncommon trap: trap_request=0xffffff45 fr.pc=0x000002bd5d99d6d4 relative=0x0000000000000f14
Event: 27.578 Thread 0x000002bd6fdb8660 Uncommon trap: reason=unstable_if action=reinterpret pc=0x000002bd5d99d6d4 method=java.lang.invoke.LambdaForm$Name.replaceNames([Ljava/lang/invoke/LambdaForm$Name;[Ljava/lang/invoke/LambdaForm$Name;II)Ljava/lang/invoke/LambdaForm$Name; @ 3 c2
Event: 27.578 Thread 0x000002bd6fdb8660 DEOPT PACKING pc=0x000002bd5d99d6d4 sp=0x000000bf4abfd2b0
Event: 27.578 Thread 0x000002bd6fdb8660 DEOPT UNPACKING pc=0x000002bd5d2d43a2 sp=0x000000bf4abfd278 mode 2
Event: 28.998 Thread 0x000002bd6fdb8660 DEOPT PACKING pc=0x000002bd55eb4259 sp=0x000000bf4abfa540
Event: 28.998 Thread 0x000002bd6fdb8660 DEOPT UNPACKING pc=0x000002bd5d2d4b42 sp=0x000000bf4abf99d8 mode 0

Classes loaded (20 events):
Event: 27.392 Loading class sun/reflect/generics/scope/ConstructorScope
Event: 27.392 Loading class sun/reflect/generics/scope/ConstructorScope done
Event: 28.572 Loading class java/nio/file/attribute/PosixFilePermission
Event: 28.572 Loading class java/nio/file/attribute/PosixFilePermission done
Event: 28.574 Loading class java/nio/file/attribute/PosixFilePermissions
Event: 28.575 Loading class java/nio/file/attribute/PosixFilePermissions done
Event: 28.575 Loading class java/nio/file/attribute/PosixFilePermissions$1
Event: 28.575 Loading class java/nio/file/attribute/PosixFilePermissions$1 done
Event: 28.594 Loading class java/time/temporal/Temporal
Event: 28.594 Loading class java/time/temporal/TemporalAccessor
Event: 28.594 Loading class java/time/temporal/TemporalAccessor done
Event: 28.594 Loading class java/time/temporal/Temporal done
Event: 28.747 Loading class java/util/concurrent/ArrayBlockingQueue
Event: 28.749 Loading class java/util/concurrent/ArrayBlockingQueue done
Event: 28.749 Loading class java/util/concurrent/locks/ReentrantLock$FairSync
Event: 28.749 Loading class java/util/concurrent/locks/ReentrantLock$FairSync done
Event: 28.946 Loading class java/net/DatagramPacket
Event: 28.946 Loading class java/net/DatagramPacket done
Event: 28.947 Loading class sun/nio/ch/DatagramChannelImpl$DatagramPackets
Event: 28.948 Loading class sun/nio/ch/DatagramChannelImpl$DatagramPackets done

Classes unloaded (0 events):
No events

Classes redefined (0 events):
No events

Internal exceptions (20 events):
Event: 23.921 Thread 0x000002bd52be4120 Exception <a 'java/lang/NoSuchMethodError'{0x0000000087675e00}: 'java.lang.Object java.lang.invoke.DirectMethodHandle$Holder.invokeStaticInit(java.lang.Object, java.lang.Object, int, int, int, int)'> (0x0000000087675e00) 
thrown [s\src\hotspot\share\interpreter\linkResolver.cpp, line 784]
Event: 24.081 Thread 0x000002bd52be4120 Exception <a 'sun/nio/fs/WindowsException'{0x0000000087433ac0}> (0x0000000087433ac0) 
thrown [s\src\hotspot\share\prims\jni.cpp, line 537]
Event: 24.214 Thread 0x000002bd52be4120 Exception <a 'java/io/IOException'{0x00000000874d09c0}> (0x00000000874d09c0) 
thrown [s\src\hotspot\share\prims\jni.cpp, line 537]
Event: 24.262 Thread 0x000002bd6fdf79b0 Implicit null exception at 0x000002bd5d9038b8 to 0x000002bd5d903f88
Event: 24.262 Thread 0x000002bd6fdf79b0 Implicit null exception at 0x000002bd5d8cbed8 to 0x000002bd5d8cc158
Event: 24.388 Thread 0x000002bd52be4120 Exception <a 'sun/nio/fs/WindowsException'{0x00000000872b3278}> (0x00000000872b3278) 
thrown [s\src\hotspot\share\prims\jni.cpp, line 537]
Event: 24.388 Thread 0x000002bd52be4120 Implicit null exception at 0x000002bd5d8565a4 to 0x000002bd5d856c3c
Event: 24.401 Thread 0x000002bd52be4120 Exception <a 'java/lang/NoSuchMethodError'{0x00000000872e3788}: 'java.lang.Object java.lang.invoke.DirectMethodHandle$Holder.newInvokeSpecial(java.lang.Object, java.lang.Object, java.lang.Object, java.lang.Object, java.lang.Object)'> (0x00000000872e3788) 
thrown [s\src\hotspot\share\interpreter\linkResolver.cpp, line 784]
Event: 24.923 Thread 0x000002bd6e1f8600 Exception <a 'sun/nio/fs/WindowsException'{0x0000000087054c70}> (0x0000000087054c70) 
thrown [s\src\hotspot\share\prims\jni.cpp, line 537]
Event: 24.945 Thread 0x000002bd6e1f8600 Exception <a 'java/lang/NoSuchMethodError'{0x00000000870670b8}: 'void java.lang.invoke.DirectMethodHandle$Holder.invokeSpecial(java.lang.Object, java.lang.Object, java.lang.Object)'> (0x00000000870670b8) 
thrown [s\src\hotspot\share\interpreter\linkResolver.cpp, line 784]
Event: 25.665 Thread 0x000002bd6fdb8660 Exception <a 'java/lang/NoSuchMethodError'{0x00000000869133e8}: 'long java.lang.invoke.DirectMethodHandle$Holder.invokeInterface(java.lang.Object, java.lang.Object)'> (0x00000000869133e8) 
thrown [s\src\hotspot\share\interpreter\linkResolver.cpp, line 784]
Event: 26.323 Thread 0x000002bd6fdb8660 Exception <a 'java/lang/NoSuchMethodError'{0x0000000083e6bd78}: 'java.lang.Object java.lang.invoke.DirectMethodHandle$Holder.invokeVirtual(java.lang.Object, java.lang.Object, java.lang.Object, java.lang.Object, java.lang.Object, java.lang.Object, java.lang.Object, java.lang.Object, java.lang.Object, java.lang.Object, java.lang.Object, java.lang.Object)'> (0x0000000083e6bd78) 
thrown [s\src\hotspot\share\interpreter\linkResolver.cpp, line 784]
Event: 26.324 Thread 0x000002bd6fdb8660 Exception <a 'java/lang/NoSuchMethodError'{0x0000000083e70ec8}: 'java.lang.Object java.lang.invoke.DirectMethodHandle$Holder.invokeSpecial(java.lang.Object, java.lang.Object, java.lang.Object, java.lang.Object, java.lang.Object, java.lang.Object, java.lang.Object, java.lang.Object, java.lang.Object, java.lang.Object, java.lang.Object, java.lang.Object, java.lang.Object)'> (0x0000000083e70ec8) 
thrown [s\src\hotspot\share\interpreter\linkResolver.cpp, line 784]
Event: 27.010 Thread 0x000002bd6fdb8660 Exception <a 'java/lang/NoSuchMethodError'{0x000000008393f818}: 'java.lang.Object java.lang.invoke.DirectMethodHandle$Holder.newInvokeSpecial(java.lang.Object, java.lang.Object, java.lang.Object, java.lang.Object, java.lang.Object, java.lang.Object)'> (0x000000008393f818) 
thrown [s\src\hotspot\share\interpreter\linkResolver.cpp, line 784]
Event: 27.561 Thread 0x000002bd6fdb8660 Exception <a 'java/lang/NoSuchMethodError'{0x000000008361aa18}: 'void java.lang.invoke.DelegatingMethodHandle$Holder.reinvoke_L(java.lang.Object, java.lang.Object, java.lang.Object, java.lang.Object, java.lang.Object, java.lang.Object, java.lang.Object, java.lang.Object, java.lang.Object, java.lang.Object)'> (0x000000008361aa18) 
thrown [s\src\hotspot\share\interpreter\linkResolver.cpp, line 784]
Event: 27.564 Thread 0x000002bd6fdb8660 Exception <a 'java/lang/NoSuchMethodError'{0x00000000836224f8}: 'java.lang.Object java.lang.invoke.Invokers$Holder.invoker(java.lang.Object, java.lang.Object, java.lang.Object, java.lang.Object, java.lang.Object, java.lang.Object, java.lang.Object, java.lang.Object, java.lang.Object, java.lang.Object)'> (0x00000000836224f8) 
thrown [s\src\hotspot\share\interpreter\linkResolver.cpp, line 784]
Event: 28.581 Thread 0x000002bd6fdb8660 Exception <a 'java/lang/NoSuchMethodError'{0x0000000083076c88}: 'void java.lang.invoke.DirectMethodHandle$Holder.invokeInterface(java.lang.Object, java.lang.Object)'> (0x0000000083076c88) 
thrown [s\src\hotspot\share\interpreter\linkResolver.cpp, line 784]
Event: 28.581 Thread 0x000002bd6fdb8660 Exception <a 'java/lang/IncompatibleClassChangeError'{0x000000008307a408}: Found class java.lang.Object, but interface was expected> (0x000000008307a408) 
thrown [s\src\hotspot\share\interpreter\linkResolver.cpp, line 851]
Event: 28.754 Thread 0x000002bd6fdb8660 Exception <a 'java/lang/NoSuchMethodError'{0x0000000082fa2cc0}: 'java.lang.Object java.lang.invoke.DirectMethodHandle$Holder.newInvokeSpecial(java.lang.Object, java.lang.Object, int)'> (0x0000000082fa2cc0) 
thrown [s\src\hotspot\share\interpreter\linkResolver.cpp, line 784]
Event: 28.778 Thread 0x000002bd6fdb8660 Exception <a 'sun/nio/fs/WindowsException'{0x0000000082fd4780}> (0x0000000082fd4780) 
thrown [s\src\hotspot\share\prims\jni.cpp, line 537]

ZGC Phase Switch (0 events):
No events

VM Operations (20 events):
Event: 23.915 Executing non-safepoint VM operation: HandshakeAllThreads (Deoptimize)
Event: 23.915 Executing non-safepoint VM operation: HandshakeAllThreads (Deoptimize) done
Event: 23.915 Executing safepoint VM operation: Cleanup
Event: 23.915 Executing safepoint VM operation: Cleanup done
Event: 24.282 Executing non-safepoint VM operation: HandshakeAllThreads (Deoptimize)
Event: 24.282 Executing non-safepoint VM operation: HandshakeAllThreads (Deoptimize) done
Event: 25.289 Executing safepoint VM operation: Cleanup
Event: 25.290 Executing safepoint VM operation: Cleanup done
Event: 25.744 Executing safepoint VM operation: CollectForMetadataAllocation (Metadata GC Threshold)
Event: 25.754 Executing safepoint VM operation: CollectForMetadataAllocation (Metadata GC Threshold) done
Event: 25.772 Executing safepoint VM operation: G1PauseRemark
Event: 25.774 Executing safepoint VM operation: G1PauseRemark done
Event: 25.782 Executing safepoint VM operation: G1PauseCleanup
Event: 25.782 Executing safepoint VM operation: G1PauseCleanup done
Event: 26.785 Executing safepoint VM operation: Cleanup
Event: 26.801 Executing safepoint VM operation: Cleanup done
Event: 27.809 Executing safepoint VM operation: Cleanup
Event: 27.887 Executing safepoint VM operation: Cleanup done
Event: 28.749 Executing non-safepoint VM operation: HandshakeAllThreads (Deoptimize)
Event: 28.749 Executing non-safepoint VM operation: HandshakeAllThreads (Deoptimize) done

Memory protections (0 events):
No events

Nmethod flushes (0 events):
No events

Events (20 events):
Event: 0.900 Loaded shared library C:\Program Files\Android\Android Studio\jbr\bin\zip.dll
Event: 1.017 Thread 0x000002bd52be4120 Thread added: 0x000002bd69f402c0
Event: 4.615 Loaded shared library C:\Program Files\Android\Android Studio\jbr\bin\jimage.dll
Event: 7.801 Loaded shared library C:\Users\hp\.gradle\native\1def1411415f61bf3af743bc5b6707747c0891f09f0c88961ee8f79bc544acac\windows-amd64\native-platform.dll
Event: 8.285 Loaded shared library C:\Users\hp\.gradle\native\0.2.7\x86_64-windows-gnu\gradle-fileevents.dll
Event: 21.519 Loaded shared library C:\Program Files\Android\Android Studio\jbr\bin\management.dll
Event: 21.524 Loaded shared library C:\Program Files\Android\Android Studio\jbr\bin\management_ext.dll
Event: 21.754 Thread 0x000002bd52be4120 Thread added: 0x000002bd6f113610
Event: 22.766 Loaded shared library C:\Program Files\Android\Android Studio\jbr\bin\extnet.dll
Event: 23.957 Thread 0x000002bd52be4120 Thread added: 0x000002bd6fdf79b0
Event: 24.410 Thread 0x000002bd52be4120 Thread added: 0x000002bd6ecc6f90
Event: 24.518 Thread 0x000002bd6fdf79b0 Thread added: 0x000002bd6e1f8600
Event: 24.543 Thread 0x000002bd6e1f8600 Thread added: 0x000002bd6f36ac40
Event: 24.912 Thread 0x000002bd6e1f8600 Thread added: 0x000002bd6fdd6eb0
Event: 24.946 Thread 0x000002bd6e1f8600 Thread added: 0x000002bd6fdb8660
Event: 25.008 Thread 0x000002bd6fdb8660 Thread added: 0x000002bd6fdba0a0
Event: 25.017 Thread 0x000002bd6fdb8660 Thread added: 0x000002bd6fdbadc0
Event: 25.028 Thread 0x000002bd6fdb8660 Thread added: 0x000002bd6fdba730
Event: 28.750 Thread 0x000002bd6fdb8660 Thread added: 0x000002bd6fdb9a10
Event: 28.781 Thread 0x000002bd6fdb8660 Thread added: 0x000002bd6fdb8cf0


Dynamic libraries:
0x00007ff708be0000 - 0x00007ff708bea000 	C:\Program Files\Android\Android Studio\jbr\bin\java.exe
0x00007ffa4c350000 - 0x00007ffa4c549000 	C:\Windows\SYSTEM32\ntdll.dll
0x00007ffa4b520000 - 0x00007ffa4b5e2000 	C:\Windows\System32\KERNEL32.DLL
0x00007ffa4a050000 - 0x00007ffa4a347000 	C:\Windows\System32\KERNELBASE.dll
0x00007ffa49d00000 - 0x00007ffa49e00000 	C:\Windows\System32\ucrtbase.dll
0x00007ffa34990000 - 0x00007ffa349a8000 	C:\Program Files\Android\Android Studio\jbr\bin\jli.dll
0x00007ffa4c0e0000 - 0x00007ffa4c27d000 	C:\Windows\System32\USER32.dll
0x00007ffa49ea0000 - 0x00007ffa49ec2000 	C:\Windows\System32\win32u.dll
0x00007ffa4c040000 - 0x00007ffa4c06b000 	C:\Windows\System32\GDI32.dll
0x00007ffa49be0000 - 0x00007ffa49cfa000 	C:\Windows\System32\gdi32full.dll
0x00007ffa49e00000 - 0x00007ffa49e9d000 	C:\Windows\System32\msvcp_win.dll
0x00007ffa31ea0000 - 0x00007ffa31ebb000 	C:\Program Files\Android\Android Studio\jbr\bin\VCRUNTIME140.dll
0x00007ffa376c0000 - 0x00007ffa3795b000 	C:\Windows\WinSxS\amd64_microsoft.windows.common-controls_6595b64144ccf1df_6.0.19041.6926_none_60b5a53971f8f7e6\COMCTL32.dll
0x00007ffa4aae0000 - 0x00007ffa4ab7e000 	C:\Windows\System32\msvcrt.dll
0x00007ffa4c010000 - 0x00007ffa4c03f000 	C:\Windows\System32\IMM32.DLL
0x00007ffa35870000 - 0x00007ffa3587c000 	C:\Program Files\Android\Android Studio\jbr\bin\vcruntime140_1.dll
0x00007ffa2b860000 - 0x00007ffa2b8ed000 	C:\Program Files\Android\Android Studio\jbr\bin\msvcp140.dll
0x00007ff9deb10000 - 0x00007ff9df7a6000 	C:\Program Files\Android\Android Studio\jbr\bin\server\jvm.dll
0x00007ffa4b110000 - 0x00007ffa4b1c1000 	C:\Windows\System32\ADVAPI32.dll
0x00007ffa4bca0000 - 0x00007ffa4bd3f000 	C:\Windows\System32\sechost.dll
0x00007ffa4bb10000 - 0x00007ffa4bc36000 	C:\Windows\System32\RPCRT4.dll
0x00007ffa49b20000 - 0x00007ffa49b47000 	C:\Windows\System32\bcrypt.dll
0x00007ffa4c070000 - 0x00007ffa4c0db000 	C:\Windows\System32\WS2_32.dll
0x00007ffa49810000 - 0x00007ffa4985b000 	C:\Windows\SYSTEM32\POWRPROF.dll
0x00007ffa37960000 - 0x00007ffa37987000 	C:\Windows\SYSTEM32\WINMM.dll
0x00007ffa421f0000 - 0x00007ffa421fa000 	C:\Windows\SYSTEM32\VERSION.dll
0x00007ffa497f0000 - 0x00007ffa49802000 	C:\Windows\SYSTEM32\UMPDC.dll
0x00007ffa47830000 - 0x00007ffa47842000 	C:\Windows\SYSTEM32\kernel.appcore.dll
0x00007ffa348e0000 - 0x00007ffa348ea000 	C:\Program Files\Android\Android Studio\jbr\bin\jimage.dll
0x00007ffa34a80000 - 0x00007ffa34c81000 	C:\Windows\SYSTEM32\DBGHELP.DLL
0x00007ffa34a40000 - 0x00007ffa34a74000 	C:\Windows\SYSTEM32\dbgcore.DLL
0x00007ffa49b50000 - 0x00007ffa49bd2000 	C:\Windows\System32\bcryptPrimitives.dll
0x00007ffa2eec0000 - 0x00007ffa2eece000 	C:\Program Files\Android\Android Studio\jbr\bin\instrument.dll
0x00007ffa2f0c0000 - 0x00007ffa2f0e0000 	C:\Program Files\Android\Android Studio\jbr\bin\java.dll
0x00007ffa2f070000 - 0x00007ffa2f088000 	C:\Program Files\Android\Android Studio\jbr\bin\zip.dll
0x00007ffa4a360000 - 0x00007ffa4aad1000 	C:\Windows\System32\SHELL32.dll
0x00007ffa47a30000 - 0x00007ffa481d6000 	C:\Windows\SYSTEM32\windows.storage.dll
0x00007ffa4b730000 - 0x00007ffa4ba83000 	C:\Windows\System32\combase.dll
0x00007ffa49310000 - 0x00007ffa4933b000 	C:\Windows\SYSTEM32\Wldp.dll
0x00007ffa4bd40000 - 0x00007ffa4be16000 	C:\Windows\System32\OLEAUT32.dll
0x00007ffa4b050000 - 0x00007ffa4b0fd000 	C:\Windows\System32\SHCORE.dll
0x00007ffa4bc40000 - 0x00007ffa4bc9b000 	C:\Windows\System32\shlwapi.dll
0x00007ffa498f0000 - 0x00007ffa49914000 	C:\Windows\SYSTEM32\profapi.dll
0x00007ffa32b50000 - 0x00007ffa32b60000 	C:\Program Files\Android\Android Studio\jbr\bin\net.dll
0x00007ffa3ec40000 - 0x00007ffa3ed4a000 	C:\Windows\SYSTEM32\WINHTTP.dll
0x00007ffa49040000 - 0x00007ffa490aa000 	C:\Windows\system32\mswsock.dll
0x00007ffa2f050000 - 0x00007ffa2f066000 	C:\Program Files\Android\Android Studio\jbr\bin\nio.dll
0x00007ffa32af0000 - 0x00007ffa32b00000 	C:\Program Files\Android\Android Studio\jbr\bin\verify.dll
0x00007ffa31f90000 - 0x00007ffa31fb7000 	C:\Users\hp\.gradle\native\1def1411415f61bf3af743bc5b6707747c0891f09f0c88961ee8f79bc544acac\windows-amd64\native-platform.dll
0x00007ffa2d030000 - 0x00007ffa2d0a8000 	C:\Users\hp\.gradle\native\0.2.7\x86_64-windows-gnu\gradle-fileevents.dll
0x00007ffa2eef0000 - 0x00007ffa2eef9000 	C:\Program Files\Android\Android Studio\jbr\bin\management.dll
0x00007ffa2eee0000 - 0x00007ffa2eeeb000 	C:\Program Files\Android\Android Studio\jbr\bin\management_ext.dll
0x00007ffa4a350000 - 0x00007ffa4a358000 	C:\Windows\System32\PSAPI.DLL
0x00007ffa48d20000 - 0x00007ffa48d5b000 	C:\Windows\SYSTEM32\IPHLPAPI.DLL
0x00007ffa4b5f0000 - 0x00007ffa4b5f8000 	C:\Windows\System32\NSI.dll
0x00007ffa2eed0000 - 0x00007ffa2eed9000 	C:\Program Files\Android\Android Studio\jbr\bin\extnet.dll
0x00007ffa49260000 - 0x00007ffa49278000 	C:\Windows\SYSTEM32\CRYPTSP.dll
0x00007ffa48960000 - 0x00007ffa48998000 	C:\Windows\system32\rsaenh.dll
0x00007ffa49860000 - 0x00007ffa4988e000 	C:\Windows\SYSTEM32\USERENV.dll
0x00007ffa49280000 - 0x00007ffa4928c000 	C:\Windows\SYSTEM32\CRYPTBASE.dll
0x00007ffa2e0e0000 - 0x00007ffa2e0e7000 	C:\Windows\system32\wshunix.dll

JVMTI agents:
C:\Users\hp\.gradle\wrapper\dists\gradle-8.14.3-bin\cv11ve7ro1n3o1j4so8xd9n66\gradle-8.14.3\lib\agents\gradle-instrumentation-agent-8.14.3.jar path:C:\Program Files\Android\Android Studio\jbr\bin\instrument.dll, loaded, initialized, instrumentlib options:none

dbghelp: loaded successfully - version: 4.0.5 - missing functions: none
symbol engine: initialized successfully - sym options: 0x614 - pdb path: .;C:\Program Files\Android\Android Studio\jbr\bin;C:\Windows\SYSTEM32;C:\Windows\WinSxS\amd64_microsoft.windows.common-controls_6595b64144ccf1df_6.0.19041.6926_none_60b5a53971f8f7e6;C:\Program Files\Android\Android Studio\jbr\bin\server;C:\Users\hp\.gradle\native\1def1411415f61bf3af743bc5b6707747c0891f09f0c88961ee8f79bc544acac\windows-amd64;C:\Users\hp\.gradle\native\0.2.7\x86_64-windows-gnu

VM Arguments:
jvm_args: --add-opens=java.base/java.lang=ALL-UNNAMED --add-opens=java.base/java.lang.invoke=ALL-UNNAMED --add-opens=java.base/java.util=ALL-UNNAMED --add-opens=java.prefs/java.util.prefs=ALL-UNNAMED --add-exports=jdk.compiler/com.sun.tools.javac.api=ALL-UNNAMED --add-exports=jdk.compiler/com.sun.tools.javac.util=ALL-UNNAMED --add-opens=java.base/java.util=ALL-UNNAMED --add-opens=java.prefs/java.util.prefs=ALL-UNNAMED --add-opens=java.base/java.nio.charset=ALL-UNNAMED --add-opens=java.base/java.net=ALL-UNNAMED --add-opens=java.base/java.util.concurrent.atomic=ALL-UNNAMED --add-opens=java.xml/javax.xml.namespace=ALL-UNNAMED -XX:MaxMetaspaceSize=1024m -XX:+UseG1GC -Xmx2048m -Dfile.encoding=UTF-8 -Duser.country=IN -Duser.language=en -Duser.variant -javaagent:C:\Users\hp\.gradle\wrapper\dists\gradle-8.14.3-bin\cv11ve7ro1n3o1j4so8xd9n66\gradle-8.14.3\lib\agents\gradle-instrumentation-agent-8.14.3.jar 
java_command: org.gradle.launcher.daemon.bootstrap.GradleDaemon 8.14.3
java_class_path (initial): C:\Users\hp\.gradle\wrapper\dists\gradle-8.14.3-bin\cv11ve7ro1n3o1j4so8xd9n66\gradle-8.14.3\lib\gradle-daemon-main-8.14.3.jar
Launcher Type: SUN_STANDARD

[Global flags]
     intx CICompilerCount                          = 3                                         {product} {ergonomic}
   size_t CompressedClassSpaceSize                 = 872415232                                 {product} {ergonomic}
     uint ConcGCThreads                            = 1                                         {product} {ergonomic}
     uint G1ConcRefinementThreads                  = 4                                         {product} {ergonomic}
   size_t G1HeapRegionSize                         = 1048576                                   {product} {ergonomic}
    uintx GCDrainStackTargetSize                   = 64                                        {product} {ergonomic}
   size_t InitialHeapSize                          = 134217728                                 {product} {ergonomic}
   size_t MarkStackSize                            = 4194304                                   {product} {ergonomic}
   size_t MaxHeapSize                              = 2147483648                                {product} {command line}
   size_t MaxMetaspaceSize                         = 1073741824                                {product} {command line}
   size_t MaxNewSize                               = 1287651328                                {product} {ergonomic}
   size_t MinHeapDeltaBytes                        = 1048576                                   {product} {ergonomic}
   size_t MinHeapSize                              = 8388608                                   {product} {ergonomic}
    uintx NonNMethodCodeHeapSize                   = 5832780                                {pd product} {ergonomic}
    uintx NonProfiledCodeHeapSize                  = 122912730                              {pd product} {ergonomic}
    uintx ProfiledCodeHeapSize                     = 122912730                              {pd product} {ergonomic}
    uintx ReservedCodeCacheSize                    = 251658240                              {pd product} {ergonomic}
     bool SegmentedCodeCache                       = true                                      {product} {ergonomic}
   size_t SoftMaxHeapSize                          = 2147483648                             {manageable} {ergonomic}
     bool UseCompressedOops                        = true                           {product lp64_product} {ergonomic}
     bool UseG1GC                                  = true                                      {product} {command line}
     bool UseLargePagesIndividualAllocation        = false                                  {pd product} {ergonomic}

Logging:
Log output configuration:
 #0: stdout all=warning uptime,level,tags foldmultilines=false
 #1: stderr all=off uptime,level,tags foldmultilines=false

Release file:
JAVA_VERSION="21.0.10" 
MODULES="java.base java.compiler java.datatransfer java.xml java.prefs java.desktop java.instrument java.logging java.management java.security.sasl java.naming java.rmi java.management.rmi java.net.http java.scripting java.security.jgss java.transaction.xa java.sql java.sql.rowset java.xml.crypto java.se java.smartcardio jdk.accessibility jdk.internal.jvmstat jdk.attach jdk.charsets jdk.internal.opt jdk.zipfs jdk.compiler jdk.crypto.ec jdk.crypto.cryptoki jdk.dynalink jdk.hotspot.agent jdk.httpserver jdk.internal.ed jdk.internal.le jdk.internal.vm.ci jdk.jartool jdk.javadoc jdk.jcmd jdk.jdeps jdk.jdwp.agent jdk.jdi jdk.jfr jdk.jlink jdk.jsobject jdk.localedata jdk.management jdk.management.agent jdk.management.jfr jdk.naming.dns jdk.naming.rmi jdk.net jdk.sctp jdk.security.auth jdk.security.jgss jdk.unsupported jdk.unsupported.desktop jdk.xml.dom" 
IMPLEMENTOR="JetBrains s.r.o." 
JAVA_RUNTIME_VERSION="21.0.10+-14961533-b1163.108" 
LIBC="default" 
OS_ARCH="x86_64" 
OS_NAME="Windows" 
SOURCE=".:git:1351622c2ff2" 

Environment Variables:
JAVA_HOME=C:\Program Files\Android\Android Studio\jbr
CLASSPATH=D:\studyhubapp\android\\gradle\wrapper\gradle-wrapper.jar
PATH=C:\Program Files\Android\Android Studio\jbr\bin;C:\src\flutter\bin\;C:\Program Files\Microsoft\jdk-21.0.11.10-hotspot\bin;C:\Windows\system32;C:\Windows;C:\Windows\System32\Wbem;C:\Windows\System32\WindowsPowerShell\v1.0\;C:\Windows\System32\OpenSSH\;C:\Program Files\Git\cmd;C:\Program Files\nodejs\;C:\Windows\system32;C:\Windows;C:\Windows\System32\Wbem;C:\Windows\System32\WindowsPowerShell\v1.0\;C:\Windows\System32\OpenSSH\;C:\Program Files\Git\cmd;C:\Windows\system32;C:\Windows;C:\Windows\System32\Wbem;C:\Windows\System32\WindowsPowerShell\v1.0\;C:\Windows\System32\OpenSSH\;C:\Program Files\Git\cmd;C:\Users\hp\AppData\Local\Microsoft\WindowsApps;C:\Users\hp\AppData\Local\Programs\Antigravity IDE\bin;C:\src\flutter\bin;C:\src\flutter\bin;C:\Program Files\Microsoft\jdk-21.0.11+9\bin;C:\Program Files\Microsoft\jdk-21.0.11.10-hotspot\bin;C:\Program Files\Microsoft\jdk-21.0.11.10-hotspot\bin;C:\Users\hp\AppData\Roaming\npm;D:\Microsoft VS Code\bin;C:\src\flutter\bin\mingit\cmd
USERNAME=hp
LANG=en_US.UTF-8
OS=Windows_NT
PROCESSOR_IDENTIFIER=Intel64 Family 6 Model 78 Stepping 3, GenuineIntel
TMP=C:\Users\hp\AppData\Local\Temp
TEMP=C:\Users\hp\AppData\Local\Temp




Periodic native trim disabled

JNI global refs:
JNI global refs: 22, weak refs: 0

JNI global refs memory usage: 835, weak refs: 833

Process memory usage:
Resident Set Size: 137844K (1% of 8282356K total physical memory with 279460K free physical memory)

OOME stack traces (most recent first):
Classloader memory used:
Loader bootstrap                                                                       : 15684K
Loader org.gradle.internal.classloader.VisitableURLClassLoader                         : 8598K
Loader org.gradle.initialization.MixInLegacyTypesClassLoader                           : 568K
Loader jdk.internal.loader.ClassLoaders$AppClassLoader                                 : 236K
Loader jdk.internal.loader.ClassLoaders$PlatformClassLoader                            : 136K

Classes loaded by more than one classloader:
Class org.gradle.internal.classloader.FilteringClassLoader                            : loaded 2 times (x 105B)
Class org.gradle.internal.classloader.ClassLoaderHierarchy                            : loaded 2 times (x 70B)
Class org.gradle.api.internal.classpath.ManifestUtil                                  : loaded 2 times (x 71B)
Class org.gradle.internal.classloader.ClassLoaderVisitor                              : loaded 2 times (x 76B)
Class org.gradle.api.internal.classpath.EffectiveClassPath                            : loaded 2 times (x 90B)
Class org.gradle.api.internal.DefaultClassPathProvider                                : loaded 2 times (x 76B)
Class [Lorg.gradle.api.internal.ClassPathProvider;                                    : loaded 2 times (x 69B)
Class org.gradle.api.internal.ClassPathProvider                                       : loaded 2 times (x 70B)
Class org.gradle.internal.service.UnknownServiceException                             : loaded 2 times (x 83B)
Class org.gradle.internal.classpath.TransformedClassPath                              : loaded 2 times (x 96B)
Class org.gradle.internal.classloader.InstrumentingClassLoader                        : loaded 2 times (x 70B)
Class org.gradle.internal.service.ServiceLocator                                      : loaded 2 times (x 70B)
Class org.gradle.internal.InternalTransformer                                         : loaded 2 times (x 70B)
Class org.gradle.internal.classloader.ClasspathUtil$1                                 : loaded 2 times (x 76B)
Class org.gradle.api.internal.classpath.DefaultModuleRegistry$DefaultModule           : loaded 2 times (x 86B)
Class org.gradle.api.internal.classpath.Module                                        : loaded 2 times (x 70B)
Class org.gradle.api.internal.classpath.UnknownModuleException                        : loaded 2 times (x 82B)
Class org.gradle.api.internal.DefaultClassPathRegistry                                : loaded 2 times (x 76B)
Class org.gradle.api.internal.ClassPathRegistry                                       : loaded 2 times (x 70B)
Class org.gradle.internal.classpath.DefaultClassPath$ImmutableUniqueList              : loaded 2 times (x 199B)
Class org.gradle.internal.classpath.ClassPath                                         : loaded 2 times (x 70B)
Class org.gradle.api.UncheckedIOException                                             : loaded 2 times (x 82B)
Class org.gradle.internal.installation.GradleInstallation$1                           : loaded 2 times (x 75B)
Class org.gradle.api.internal.classpath.ModuleRegistry                                : loaded 2 times (x 70B)
Class org.gradle.api.internal.classpath.DefaultModuleRegistry                         : loaded 2 times (x 86B)
Class org.gradle.internal.service.ServiceLookupException                              : loaded 2 times (x 82B)
Class org.gradle.internal.classloader.ClassLoaderFactory                              : loaded 2 times (x 70B)
Class org.gradle.internal.service.CachingServiceLocator                               : loaded 2 times (x 82B)
Class org.gradle.internal.classloader.ClasspathUtil                                   : loaded 2 times (x 71B)
Class org.gradle.api.specs.Spec                                                       : loaded 2 times (x 70B)
Class org.gradle.internal.classloader.VisitableURLClassLoader$InstrumentingVisitableURLClassLoader: loaded 2 times (x 123B)
Class org.gradle.internal.classloader.VisitableURLClassLoader$Spec                    : loaded 2 times (x 74B)
Class org.gradle.internal.classpath.DefaultClassPath                                  : loaded 2 times (x 90B)
Class org.gradle.internal.classloader.ClassLoaderSpec                                 : loaded 2 times (x 71B)
Class org.gradle.internal.classloader.VisitableURLClassLoader                         : loaded 2 times (x 117B)
Class org.gradle.internal.Cast                                                        : loaded 2 times (x 71B)
Class org.gradle.api.Action                                                           : loaded 2 times (x 70B)
Class org.gradle.internal.classpath.DefaultClassPath$ImmutableUniqueList$Builder      : loaded 2 times (x 75B)
Class org.gradle.api.GradleException                                                  : loaded 2 times (x 82B)
Class org.gradle.internal.IoActions                                                   : loaded 2 times (x 71B)
Class org.gradle.internal.classloader.SystemClassLoaderSpec                           : loaded 2 times (x 71B)
Class org.gradle.api.internal.classpath.GlobalCacheRootsProvider                      : loaded 2 times (x 70B)
Class org.gradle.internal.installation.CurrentGradleInstallationLocator               : loaded 2 times (x 71B)
Class org.gradle.internal.service.DefaultServiceLocator                               : loaded 2 times (x 83B)
Class org.gradle.internal.installation.CurrentGradleInstallation                      : loaded 2 times (x 73B)
Class org.gradle.util.internal.GUtil                                                  : loaded 2 times (x 71B)
Class org.gradle.internal.installation.GradleInstallation                             : loaded 2 times (x 75B)

---------------  S Y S T E M  ---------------

OS:
 Windows 10 , 64 bit Build 19041 (10.0.19041.7291)
OS uptime: 5 days 18:07 hours

CPU: total 4 (initial active 4) (2 cores per cpu, 2 threads per core) family 6 model 78 stepping 3 microcode 0xe2, cx8, cmov, fxsr, ht, mmx, 3dnowpref, sse, sse2, sse3, ssse3, sse4.1, sse4.2, popcnt, lzcnt, tsc, tscinvbit, avx, avx2, aes, erms, clmul, bmi1, bmi2, adx, fma, vzeroupper, clflush, clflushopt, rdtscp, f16c
Processor Information for the first 4 processors :
  Max Mhz: 2400, Current Mhz: 2300, Mhz Limit: 2280

Memory: 4k page, system-wide physical 8088M (274M free)
TotalPageFile size 26112M (AvailPageFile size 4M)
current process WorkingSet (physical memory assigned to process): 134M, peak: 180M
current process commit charge ("private bytes"): 193M, peak: 243M

vm_info: OpenJDK 64-Bit Server VM (21.0.10+-14961533-b1163.108) for windows-amd64 JRE (21.0.10+-14961533-b1163.108), built on 2026-03-02T19:58:50Z by "builder" with MS VC++ 16.10 / 16.11 (VS2019)

END.
