#
# There is insufficient memory for the Java Runtime Environment to continue.
# Native memory allocation (mmap) failed to map 4194304 bytes. Error detail: G1 virtual space
# Possible reasons:
#   The system is out of physical RAM or swap space
#   This process is running with CompressedOops enabled, and the Java Heap may be blocking the growth of the native heap
# Possible solutions:
#   Reduce memory load on the system
#   Increase physical memory or swap space
#   Check if swap backing store is full
#   Decrease Java heap size (-Xmx/-Xms)
#   Decrease number of Java threads
#   Decrease Java thread stack sizes (-Xss)
#   Set larger code cache with -XX:ReservedCodeCacheSize=
#   JVM is running with Zero Based Compressed Oops mode in which the Java heap is
#     placed in the first 32GB address space. The Java Heap base address is the
#     maximum limit for the native heap growth. Please use -XX:HeapBaseMinAddress
#     to set the Java Heap base and to place the Java Heap above 32GB virtual address.
# This output file may be truncated or incomplete.
#
#  Out of Memory Error (os_windows.cpp:3926), pid=20716, tid=18948
#
# JRE version: OpenJDK Runtime Environment (21.0.10) (build 21.0.10+-14961533-b1163.108)
# Java VM: OpenJDK 64-Bit Server VM (21.0.10+-14961533-b1163.108, mixed mode, tiered, compressed oops, compressed class ptrs, g1 gc, windows-amd64)
# No core dump will be written. Minidumps are not enabled by default on client versions of Windows
#

---------------  S U M M A R Y ------------

Command Line: -XX:MaxMetaspaceSize=4G -XX:ReservedCodeCacheSize=512m -XX:+HeapDumpOnOutOfMemoryError --add-opens=java.base/java.util=ALL-UNNAMED --add-opens=java.base/java.lang=ALL-UNNAMED --add-opens=java.base/java.lang.invoke=ALL-UNNAMED --add-opens=java.prefs/java.util.prefs=ALL-UNNAMED --add-exports=jdk.compiler/com.sun.tools.javac.api=ALL-UNNAMED --add-exports=jdk.compiler/com.sun.tools.javac.util=ALL-UNNAMED --add-opens=java.base/java.nio.charset=ALL-UNNAMED --add-opens=java.base/java.net=ALL-UNNAMED --add-opens=java.base/java.util.concurrent.atomic=ALL-UNNAMED -Xmx8G -Dfile.encoding=UTF-8 -Duser.country=IN -Duser.language=en -Duser.variant -javaagent:C:\Users\hp\.gradle\wrapper\dists\gradle-8.10.2-all\7iv73wktx1xtkvlq19urqw1wm\gradle-8.10.2\lib\agents\gradle-instrumentation-agent-8.10.2.jar org.gradle.launcher.daemon.bootstrap.GradleDaemon 8.10.2

Host: Intel(R) Core(TM) i5-6200U CPU @ 2.30GHz, 4 cores, 7G,  Windows 10 , 64 bit Build 19041 (10.0.19041.7291)
Time: Tue Jul 21 04:00:21 2026 US Eastern Daylight Time elapsed time: 120.482361 seconds (0d 0h 2m 0s)

---------------  T H R E A D  ---------------

Current thread (0x0000024d359dc7c0):  VMThread "VM Thread"          [id=18948, stack(0x0000007a7ab00000,0x0000007a7ac00000) (1024K)]

Stack: [0x0000007a7ab00000,0x0000007a7ac00000]
Native frames: (J=compiled Java code, j=interpreted, Vv=VM code, C=native code)
V  [jvm.dll+0x6d78a9]
V  [jvm.dll+0x8665b3]
V  [jvm.dll+0x868bde]
V  [jvm.dll+0x8692c3]
V  [jvm.dll+0x280ee6]
V  [jvm.dll+0x6d4165]
V  [jvm.dll+0x6c77fa]
V  [jvm.dll+0x358f4b]
V  [jvm.dll+0x360bc6]
V  [jvm.dll+0x3b2ea6]
V  [jvm.dll+0x3b3178]
V  [jvm.dll+0x32b65c]
V  [jvm.dll+0x32e066]
V  [jvm.dll+0x337f3d]
V  [jvm.dll+0x36f6a5]
V  [jvm.dll+0x86f048]
V  [jvm.dll+0x870394]
V  [jvm.dll+0x8708d0]
V  [jvm.dll+0x870b63]
V  [jvm.dll+0x80fd28]
V  [jvm.dll+0x6d60fd]
C  [ucrtbase.dll+0x21bb2]
C  [KERNEL32.DLL+0x17374]
C  [ntdll.dll+0x4cc91]

VM_Operation (0x0000007a7a6ff3c0): G1PauseRemark, mode: safepoint, requested by thread 0x0000024d061e8900


---------------  P R O C E S S  ---------------

Threads class SMR info:
_java_thread_list=0x0000024d4879c080, length=34, elements={
0x0000024d03f43c90, 0x0000024d35b4d160, 0x0000024d35b634f0, 0x0000024d35b66220,
0x0000024d35b724b0, 0x0000024d35b72f10, 0x0000024d35b7e130, 0x0000024d35b7eb90,
0x0000024d35b7f920, 0x0000024d35be90e0, 0x0000024d35e862c0, 0x0000024d3b3e6a60,
0x0000024d3bc9ec90, 0x0000024d3bc87400, 0x0000024d3b5c3e00, 0x0000024d3b5dd7a0,
0x0000024d3bd47280, 0x0000024d3be0a700, 0x0000024d3b72cfa0, 0x0000024d3b72fd90,
0x0000024d3b72d630, 0x0000024d3b72f700, 0x0000024d3b72e9e0, 0x0000024d3b72f070,
0x0000024d3b730420, 0x0000024d3b72dcc0, 0x0000024d3ad1aa40, 0x0000024d3ad1a3b0,
0x0000024d3ad1f900, 0x0000024d3ad18970, 0x0000024d3ad1d830, 0x0000024d3ad1b0d0,
0x0000024d3c11e550, 0x0000024d48453030
}

Java Threads: ( => current thread )
  0x0000024d03f43c90 JavaThread "main"                              [_thread_blocked, id=20996, stack(0x0000007a7a300000,0x0000007a7a400000) (1024K)]
  0x0000024d35b4d160 JavaThread "Common-Cleaner"             daemon [_thread_blocked, id=8428, stack(0x0000007a7ac00000,0x0000007a7ad00000) (1024K)]
  0x0000024d35b634f0 JavaThread "Reference Handler"          daemon [_thread_blocked, id=4732, stack(0x0000007a7ad00000,0x0000007a7ae00000) (1024K)]
  0x0000024d35b66220 JavaThread "Finalizer"                  daemon [_thread_blocked, id=21316, stack(0x0000007a7ae00000,0x0000007a7af00000) (1024K)]
  0x0000024d35b724b0 JavaThread "Signal Dispatcher"          daemon [_thread_blocked, id=20132, stack(0x0000007a7af00000,0x0000007a7b000000) (1024K)]
  0x0000024d35b72f10 JavaThread "Attach Listener"            daemon [_thread_blocked, id=20472, stack(0x0000007a7b000000,0x0000007a7b100000) (1024K)]
  0x0000024d35b7e130 JavaThread "Service Thread"             daemon [_thread_blocked, id=20820, stack(0x0000007a7b100000,0x0000007a7b200000) (1024K)]
  0x0000024d35b7eb90 JavaThread "Monitor Deflation Thread"   daemon [_thread_blocked, id=13424, stack(0x0000007a7b200000,0x0000007a7b300000) (1024K)]
  0x0000024d35b7f920 JavaThread "C2 CompilerThread0"         daemon [_thread_blocked, id=12488, stack(0x0000007a7b300000,0x0000007a7b400000) (1024K)]
  0x0000024d35be90e0 JavaThread "C1 CompilerThread0"         daemon [_thread_blocked, id=9716, stack(0x0000007a7b400000,0x0000007a7b500000) (1024K)]
  0x0000024d35e862c0 JavaThread "Notification Thread"        daemon [_thread_blocked, id=10904, stack(0x0000007a7b500000,0x0000007a7b600000) (1024K)]
  0x0000024d3b3e6a60 JavaThread "Daemon health stats"               [_thread_blocked, id=19324, stack(0x0000007a7b900000,0x0000007a7ba00000) (1024K)]
  0x0000024d3bc9ec90 JavaThread "Incoming local TCP Connector on port 58076"        [_thread_in_native, id=10340, stack(0x0000007a7ba00000,0x0000007a7bb00000) (1024K)]
  0x0000024d3bc87400 JavaThread "Daemon periodic checks"            [_thread_blocked, id=2676, stack(0x0000007a7bb00000,0x0000007a7bc00000) (1024K)]
  0x0000024d3b5c3e00 JavaThread "Daemon"                            [_thread_blocked, id=19760, stack(0x0000007a7bc00000,0x0000007a7bd00000) (1024K)]
  0x0000024d3b5dd7a0 JavaThread "Handler for socket connection from /127.0.0.1:58076 to /127.0.0.1:58077"        [_thread_in_native, id=13644, stack(0x0000007a7bd00000,0x0000007a7be00000) (1024K)]
  0x0000024d3bd47280 JavaThread "Cancel handler"                    [_thread_blocked, id=21784, stack(0x0000007a7be00000,0x0000007a7bf00000) (1024K)]
  0x0000024d3be0a700 JavaThread "Daemon worker"                     [_thread_blocked, id=16716, stack(0x0000007a7bf00000,0x0000007a7c000000) (1024K)]
  0x0000024d3b72cfa0 JavaThread "Asynchronous log dispatcher for DefaultDaemonConnection: socket connection from /127.0.0.1:58076 to /127.0.0.1:58077"        [_thread_blocked, id=15304, stack(0x0000007a7c000000,0x0000007a7c100000) (1024K)]
  0x0000024d3b72fd90 JavaThread "Stdin handler"                     [_thread_blocked, id=11852, stack(0x0000007a7c100000,0x0000007a7c200000) (1024K)]
  0x0000024d3b72d630 JavaThread "Daemon client event forwarder"        [_thread_blocked, id=3992, stack(0x0000007a7c200000,0x0000007a7c300000) (1024K)]
  0x0000024d3b72f700 JavaThread "Cache worker for journal cache (C:\Users\hp\.gradle\caches\journal-1)"        [_thread_blocked, id=612, stack(0x0000007a7c300000,0x0000007a7c400000) (1024K)]
  0x0000024d3b72e9e0 JavaThread "File lock request listener"        [_thread_in_native, id=2912, stack(0x0000007a7c400000,0x0000007a7c500000) (1024K)]
  0x0000024d3b72f070 JavaThread "Cache worker for file hash cache (C:\Users\hp\.gradle\caches\8.10.2\fileHashes)"        [_thread_blocked, id=21604, stack(0x0000007a7c500000,0x0000007a7c600000) (1024K)]
  0x0000024d3b730420 JavaThread "Cache worker for file hash cache (D:\studyhubapp\android\.gradle\8.10.2\fileHashes)"        [_thread_blocked, id=17964, stack(0x0000007a7c600000,0x0000007a7c700000) (1024K)]
  0x0000024d3b72dcc0 JavaThread "Cache worker for Build Output Cleanup Cache (D:\studyhubapp\android\.gradle\buildOutputCleanup)"        [_thread_blocked, id=10872, stack(0x0000007a7c700000,0x0000007a7c800000) (1024K)]
  0x0000024d3ad1aa40 JavaThread "File watcher server"        daemon [_thread_in_native, id=14796, stack(0x0000007a7c800000,0x0000007a7c900000) (1024K)]
  0x0000024d3ad1a3b0 JavaThread "File watcher consumer"      daemon [_thread_blocked, id=524, stack(0x0000007a7c900000,0x0000007a7ca00000) (1024K)]
  0x0000024d3ad1f900 JavaThread "Cache worker for checksums cache (D:\studyhubapp\android\.gradle\8.10.2\checksums)"        [_thread_blocked, id=22524, stack(0x0000007a7ca00000,0x0000007a7cb00000) (1024K)]
  0x0000024d3ad18970 JavaThread "Cache worker for file content cache (C:\Users\hp\.gradle\caches\8.10.2\fileContent)"        [_thread_blocked, id=15456, stack(0x0000007a7cb00000,0x0000007a7cc00000) (1024K)]
  0x0000024d3ad1d830 JavaThread "Cache worker for cache directory md-rule (C:\Users\hp\.gradle\caches\8.10.2\md-rule)"        [_thread_blocked, id=9656, stack(0x0000007a7cc00000,0x0000007a7cd00000) (1024K)]
  0x0000024d3ad1b0d0 JavaThread "Cache worker for cache directory md-supplier (C:\Users\hp\.gradle\caches\8.10.2\md-supplier)"        [_thread_blocked, id=8656, stack(0x0000007a7cd00000,0x0000007a7ce00000) (1024K)]
  0x0000024d3c11e550 JavaThread "File lock release action executor"        [_thread_blocked, id=5068, stack(0x0000007a7a200000,0x0000007a7a300000) (1024K)]
  0x0000024d48453030 JavaThread "Cache worker for Build Output Cleanup Cache (C:\src\flutter\packages\flutter_tools\gradle\.gradle\buildOutputCleanup)"        [_thread_blocked, id=15292, stack(0x0000007a7a400000,0x0000007a7a500000) (1024K)]
Total: 34

Other Threads:
=>0x0000024d359dc7c0 VMThread "VM Thread"                           [id=18948, stack(0x0000007a7ab00000,0x0000007a7ac00000) (1024K)]
  0x0000024d359457c0 WatcherThread "VM Periodic Task Thread"        [id=15452, stack(0x0000007a7aa00000,0x0000007a7ab00000) (1024K)]
  0x0000024d061d7a00 WorkerThread "GC Thread#0"                     [id=9180, stack(0x0000007a7a500000,0x0000007a7a600000) (1024K)]
  0x0000024d3a0c9380 WorkerThread "GC Thread#1"                     [id=968, stack(0x0000007a7b600000,0x0000007a7b700000) (1024K)]
  0x0000024d3a0c9730 WorkerThread "GC Thread#2"                     [id=6308, stack(0x0000007a7b700000,0x0000007a7b800000) (1024K)]
  0x0000024d35da3b80 WorkerThread "GC Thread#3"                     [id=21884, stack(0x0000007a7b800000,0x0000007a7b900000) (1024K)]
  0x0000024d061e8900 ConcurrentGCThread "G1 Main Marker"            [id=14284, stack(0x0000007a7a600000,0x0000007a7a700000) (1024K)]
  0x0000024d061ea8a0 WorkerThread "G1 Conc#0"                       [id=21152, stack(0x0000007a7a700000,0x0000007a7a800000) (1024K)]
  0x0000024d3581b9a0 ConcurrentGCThread "G1 Refine#0"               [id=876, stack(0x0000007a7a800000,0x0000007a7a900000) (1024K)]
  0x0000024d3581c5a0 ConcurrentGCThread "G1 Service"                [id=14960, stack(0x0000007a7a900000,0x0000007a7aa00000) (1024K)]
Total: 10

Threads with active compile tasks:
Total: 0

VM state: at safepoint (normal execution)

VM Mutex/Monitor currently owned by a thread:  ([mutex/lock_event])
[0x00007ff9df6c86d0] Threads_lock - owner thread: 0x0000024d359dc7c0
[0x00007ff9df6c87d0] Heap_lock - owner thread: 0x0000024d061e8900

Heap address: 0x0000000600000000, size: 8192 MB, Compressed Oops mode: Zero based, Oop shift amount: 3

CDS archive(s) not mapped
Compressed class space mapped at: 0x0000000800000000-0x0000000840000000, reserved size: 1073741824
Narrow klass base: 0x0000000800000000, Narrow klass shift: 0, Narrow klass range: 0x40000000

GC Precious Log:
 CardTable entry size: 512
 Card Set container configuration: InlinePtr #cards 4 size 8 Array Of Cards #cards 32 size 80 Howl #buckets 8 coarsen threshold 7372 Howl Bitmap #cards 1024 size 144 coarsen threshold 921 Card regions per heap region 1 cards per card region 8192
 CPUs: 4 total, 4 available
 Memory: 8088M
 Large Page Support: Disabled
 NUMA Support: Disabled
 Compressed Oops: Enabled (Zero based)
 Heap Region Size: 4M
 Heap Min Capacity: 8M
 Heap Initial Capacity: 128M
 Heap Max Capacity: 8G
 Pre-touch: Disabled
 Parallel Workers: 4
 Concurrent Workers: 1
 Concurrent Refinement Workers: 4
 Periodic GC: Disabled

Heap:
 garbage-first heap   total 139264K, used 81660K [0x0000000600000000, 0x0000000800000000)
  region size 4096K, 3 young (12288K), 2 survivors (8192K)
 Metaspace       used 120287K, committed 122112K, reserved 1179648K
  class space    used 15622K, committed 16512K, reserved 1048576K

Heap Regions: E=young(eden), S=young(survivor), O=old, HS=humongous(starts), HC=humongous(continues), CS=collection set, F=free, TAMS=top-at-mark-start, PB=parsable bottom
|   0|0x0000000600000000, 0x0000000600400000, 0x0000000600400000|100%|HS|  |TAMS 0x0000000600400000| PB 0x0000000600000000| Complete 
|   1|0x0000000600400000, 0x0000000600800000, 0x0000000600800000|100%| O|  |TAMS 0x0000000600800000| PB 0x0000000600800000| Untracked 
|   2|0x0000000600800000, 0x0000000600c00000, 0x0000000600c00000|100%| O|  |TAMS 0x0000000600c00000| PB 0x0000000600c00000| Untracked 
|   3|0x0000000600c00000, 0x0000000601000000, 0x0000000601000000|100%| O|  |TAMS 0x0000000601000000| PB 0x0000000601000000| Untracked 
|   4|0x0000000601000000, 0x0000000601400000, 0x0000000601400000|100%| O|  |TAMS 0x0000000601400000| PB 0x0000000601400000| Untracked 
|   5|0x0000000601400000, 0x0000000601800000, 0x0000000601800000|100%| O|  |TAMS 0x0000000601800000| PB 0x0000000601800000| Untracked 
|   6|0x0000000601800000, 0x0000000601c00000, 0x0000000601c00000|100%| O|  |TAMS 0x0000000601c00000| PB 0x0000000601c00000| Untracked 
|   7|0x0000000601c00000, 0x0000000602000000, 0x0000000602000000|100%| O|  |TAMS 0x0000000602000000| PB 0x0000000602000000| Untracked 
|   8|0x0000000602000000, 0x0000000602400000, 0x0000000602400000|100%| O|  |TAMS 0x0000000602400000| PB 0x0000000602400000| Untracked 
|   9|0x0000000602400000, 0x0000000602800000, 0x0000000602800000|100%|HS|  |TAMS 0x0000000602800000| PB 0x0000000602400000| Complete 
|  10|0x0000000602800000, 0x0000000602c00000, 0x0000000602c00000|100%|HC|  |TAMS 0x0000000602c00000| PB 0x0000000602800000| Complete 
|  11|0x0000000602c00000, 0x0000000603000000, 0x0000000603000000|100%| O|  |TAMS 0x0000000603000000| PB 0x0000000603000000| Untracked 
|  12|0x0000000603000000, 0x0000000603400000, 0x0000000603400000|100%| O|  |TAMS 0x0000000603400000| PB 0x0000000603400000| Untracked 
|  13|0x0000000603400000, 0x0000000603400000, 0x0000000603800000|  0%| F|  |TAMS 0x0000000603400000| PB 0x0000000603400000| Untracked 
|  14|0x0000000603800000, 0x0000000603c00000, 0x0000000603c00000|100%| O|  |TAMS 0x0000000603c00000| PB 0x0000000603c00000| Untracked 
|  15|0x0000000603c00000, 0x0000000604000000, 0x0000000604000000|100%| O|  |TAMS 0x0000000604000000| PB 0x0000000604000000| Untracked 
|  16|0x0000000604000000, 0x0000000604400000, 0x0000000604400000|100%| O|  |TAMS 0x0000000604400000| PB 0x0000000604400000| Untracked 
|  17|0x0000000604400000, 0x00000006046b09c0, 0x0000000604800000| 67%| O|  |TAMS 0x00000006044fea00| PB 0x00000006044fea00| Updating 
|  18|0x0000000604800000, 0x000000060490e7f8, 0x0000000604c00000| 26%| S|CS|TAMS 0x0000000604800000| PB 0x0000000604800000| Complete 
|  19|0x0000000604c00000, 0x0000000605000000, 0x0000000605000000|100%| S|CS|TAMS 0x0000000604c00000| PB 0x0000000604c00000| Complete 
|  20|0x0000000605000000, 0x0000000605000000, 0x0000000605400000|  0%| F|  |TAMS 0x0000000605000000| PB 0x0000000605000000| Untracked 
|  21|0x0000000605400000, 0x0000000605400000, 0x0000000605800000|  0%| F|  |TAMS 0x0000000605400000| PB 0x0000000605400000| Untracked 
|  22|0x0000000605800000, 0x0000000605800000, 0x0000000605c00000|  0%| F|  |TAMS 0x0000000605800000| PB 0x0000000605800000| Untracked 
|  23|0x0000000605c00000, 0x0000000605c00000, 0x0000000606000000|  0%| F|  |TAMS 0x0000000605c00000| PB 0x0000000605c00000| Untracked 
|  24|0x0000000606000000, 0x0000000606000000, 0x0000000606400000|  0%| F|  |TAMS 0x0000000606000000| PB 0x0000000606000000| Untracked 
|  25|0x0000000606400000, 0x0000000606400000, 0x0000000606800000|  0%| F|  |TAMS 0x0000000606400000| PB 0x0000000606400000| Untracked 
|  26|0x0000000606800000, 0x0000000606800000, 0x0000000606c00000|  0%| F|  |TAMS 0x0000000606800000| PB 0x0000000606800000| Untracked 
|  27|0x0000000606c00000, 0x0000000606c00000, 0x0000000607000000|  0%| F|  |TAMS 0x0000000606c00000| PB 0x0000000606c00000| Untracked 
|  28|0x0000000607000000, 0x0000000607000000, 0x0000000607400000|  0%| F|  |TAMS 0x0000000607000000| PB 0x0000000607000000| Untracked 
|  29|0x0000000607400000, 0x0000000607400000, 0x0000000607800000|  0%| F|  |TAMS 0x0000000607400000| PB 0x0000000607400000| Untracked 
|  31|0x0000000607c00000, 0x0000000607c00000, 0x0000000608000000|  0%| F|  |TAMS 0x0000000607c00000| PB 0x0000000607c00000| Untracked 
|2045|0x00000007ff400000, 0x00000007ff640658, 0x00000007ff800000| 56%| E|  |TAMS 0x00000007ff400000| PB 0x00000007ff400000| Complete 
|2046|0x00000007ff800000, 0x00000007ffc00000, 0x00000007ffc00000|100%| O|  |TAMS 0x00000007ffc00000| PB 0x00000007ffc00000| Untracked 
|2047|0x00000007ffc00000, 0x0000000800000000, 0x0000000800000000|100%| O|  |TAMS 0x0000000800000000| PB 0x0000000800000000| Untracked 

Card table byte_map: [0x0000024d2a3b0000,0x0000024d2b3b0000] _byte_map_base: 0x0000024d273b0000

Marking Bits: (CMBitMap*) 0x0000024d061d8020
 Bits: [0x0000024d2b3b0000, 0x0000024d333b0000)

Polling page: 0x0000024d03ee0000

Metaspace:

Usage:
  Non-class:    102.21 MB used.
      Class:     15.26 MB used.
       Both:    117.47 MB used.

Virtual space:
  Non-class space:      128.00 MB reserved,     103.12 MB ( 81%) committed,  2 nodes.
      Class space:        1.00 GB reserved,      16.12 MB (  2%) committed,  1 nodes.
             Both:        1.12 GB reserved,     119.25 MB ( 10%) committed. 

Chunk freelists:
   Non-Class:  8.59 MB
       Class:  15.76 MB
        Both:  24.35 MB

MaxMetaspaceSize: 4.00 GB
CompressedClassSpaceSize: 1.00 GB
Initial GC threshold: 21.00 MB
Current GC threshold: 185.44 MB
CDS: off
 - commit_granule_bytes: 65536.
 - commit_granule_words: 8192.
 - virtual_space_node_default_size: 8388608.
 - enlarge_chunks_in_place: 1.
 - use_allocation_guard: 0.


Internal statistics:

num_allocs_failed_limit: 9.
num_arena_births: 3580.
num_arena_deaths: 0.
num_vsnodes_births: 3.
num_vsnodes_deaths: 0.
num_space_committed: 1906.
num_space_uncommitted: 0.
num_chunks_returned_to_freelist: 9.
num_chunks_taken_from_freelist: 7988.
num_chunk_merges: 9.
num_chunk_splits: 5821.
num_chunks_enlarged: 4225.
num_inconsistent_stats: 0.

CodeHeap 'non-profiled nmethods': size=259264Kb used=4612Kb max_used=4647Kb free=254651Kb
 bounds [0x0000024d19570000, 0x0000024d19a00000, 0x0000024d292a0000]
CodeHeap 'profiled nmethods': size=259264Kb used=17075Kb max_used=17471Kb free=242188Kb
 bounds [0x0000024d092a0000, 0x0000024d0a3b0000, 0x0000024d18fd0000]
CodeHeap 'non-nmethods': size=5760Kb used=2088Kb max_used=2171Kb free=3671Kb
 bounds [0x0000024d18fd0000, 0x0000024d19240000, 0x0000024d19570000]
CodeCache: size=524288Kb, used=23775Kb, max_used=24289Kb, free=500510Kb
 total_blobs=9061, nmethods=8104, adapters=858, full_count=0
Compilation: enabled, stopped_count=0, restarted_count=0

Compilation events (20 events):
Event: 120.451 Thread 0x0000024d35be90e0 9654       3       com.google.common.collect.LinkedHashMultimap::access$200 (6 bytes)
Event: 120.451 Thread 0x0000024d35be90e0 nmethod 9654 0x0000024d0a3ac710 code [0x0000024d0a3ac8e0, 0x0000024d0a3acbd0]
Event: 120.451 Thread 0x0000024d35be90e0 9655       3       com.google.common.collect.LinkedHashMultimap::succeedsInValueSet (15 bytes)
Event: 120.452 Thread 0x0000024d35be90e0 nmethod 9655 0x0000024d0a3acd10 code [0x0000024d0a3acee0, 0x0000024d0a3ad178]
Event: 120.452 Thread 0x0000024d35be90e0 9656       1       com.google.common.collect.LinkedHashMultimap$ValueSet::setPredecessorInValueSet (6 bytes)
Event: 120.452 Thread 0x0000024d35be90e0 nmethod 9656 0x0000024d199f9510 code [0x0000024d199f96a0, 0x0000024d199f97b8]
Event: 120.453 Thread 0x0000024d35be90e0 9657       3       com.google.common.collect.AbstractMapBasedMultimap::get (31 bytes)
Event: 120.453 Thread 0x0000024d35be90e0 nmethod 9657 0x0000024d0a3ad290 code [0x0000024d0a3ad480, 0x0000024d0a3ad950]
Event: 120.453 Thread 0x0000024d35be90e0 9658       3       com.google.common.collect.AbstractMapBasedMultimap$WrappedCollection::<init> (44 bytes)
Event: 120.453 Thread 0x0000024d35be90e0 nmethod 9658 0x0000024d0a3ada90 code [0x0000024d0a3adc60, 0x0000024d0a3ae108]
Event: 120.454 Thread 0x0000024d35be90e0 9659       3       com.google.common.collect.AbstractMapBasedMultimap$WrappedCollection$WrappedIterator::hasNext (14 bytes)
Event: 120.454 Thread 0x0000024d35be90e0 nmethod 9659 0x0000024d0a3ae290 code [0x0000024d0a3ae480, 0x0000024d0a3ae8c0]
Event: 120.454 Thread 0x0000024d35be90e0 9660       3       com.google.common.collect.AbstractMapBasedMultimap$WrappedCollection::iterator (13 bytes)
Event: 120.455 Thread 0x0000024d35be90e0 nmethod 9660 0x0000024d0a3aea90 code [0x0000024d0a3aeca0, 0x0000024d0a3af570]
Event: 120.456 Thread 0x0000024d35be90e0 9661       1       org.gradle.internal.instantiation.generator.AbstractClassGenerator$MethodMetadata::getGenericReturnType (5 bytes)
Event: 120.456 Thread 0x0000024d35be90e0 nmethod 9661 0x0000024d199f9810 code [0x0000024d199f99a0, 0x0000024d199f9a70]
Event: 120.456 Thread 0x0000024d35b7f920 9662       4       org.objectweb.asm.Frame::pop (42 bytes)
Event: 120.457 Thread 0x0000024d35b7f920 nmethod 9662 0x0000024d199f9b10 code [0x0000024d199f9ca0, 0x0000024d199f9da0]
Event: 120.463 Thread 0x0000024d35be90e0 9663       3       java.lang.invoke.InvokerBytecodeGenerator::isStaticallyInvocableType (50 bytes)
Event: 120.463 Thread 0x0000024d35be90e0 nmethod 9663 0x0000024d0a3af790 code [0x0000024d0a3af960, 0x0000024d0a3afc80]

GC Heap History (20 events):
Event: 90.457 GC heap before
{Heap before GC invocations=25 (full 0):
 garbage-first heap   total 110592K, used 88946K [0x0000000600000000, 0x0000000800000000)
  region size 4096K, 8 young (32768K), 1 survivors (4096K)
 Metaspace       used 87622K, committed 89216K, reserved 1179648K
  class space    used 11930K, committed 12672K, reserved 1048576K
}
Event: 90.471 GC heap after
{Heap after GC invocations=26 (full 0):
 garbage-first heap   total 110592K, used 65663K [0x0000000600000000, 0x0000000800000000)
  region size 4096K, 1 young (4096K), 1 survivors (4096K)
 Metaspace       used 87622K, committed 89216K, reserved 1179648K
  class space    used 11930K, committed 12672K, reserved 1048576K
}
Event: 92.339 GC heap before
{Heap before GC invocations=26 (full 0):
 garbage-first heap   total 110592K, used 94335K [0x0000000600000000, 0x0000000800000000)
  region size 4096K, 8 young (32768K), 1 survivors (4096K)
 Metaspace       used 88396K, committed 90048K, reserved 1179648K
  class space    used 12008K, committed 12800K, reserved 1048576K
}
Event: 92.352 GC heap after
{Heap after GC invocations=27 (full 0):
 garbage-first heap   total 110592K, used 66661K [0x0000000600000000, 0x0000000800000000)
  region size 4096K, 1 young (4096K), 1 survivors (4096K)
 Metaspace       used 88396K, committed 90048K, reserved 1179648K
  class space    used 12008K, committed 12800K, reserved 1048576K
}
Event: 95.521 GC heap before
{Heap before GC invocations=28 (full 0):
 garbage-first heap   total 118784K, used 95333K [0x0000000600000000, 0x0000000800000000)
  region size 4096K, 8 young (32768K), 1 survivors (4096K)
 Metaspace       used 90384K, committed 91968K, reserved 1179648K
  class space    used 12223K, committed 12992K, reserved 1048576K
}
Event: 95.531 GC heap after
{Heap after GC invocations=29 (full 0):
 garbage-first heap   total 118784K, used 69777K [0x0000000600000000, 0x0000000800000000)
  region size 4096K, 1 young (4096K), 1 survivors (4096K)
 Metaspace       used 90384K, committed 91968K, reserved 1179648K
  class space    used 12223K, committed 12992K, reserved 1048576K
}
Event: 98.351 GC heap before
{Heap before GC invocations=29 (full 0):
 garbage-first heap   total 118784K, used 102545K [0x0000000600000000, 0x0000000800000000)
  region size 4096K, 9 young (36864K), 1 survivors (4096K)
 Metaspace       used 92825K, committed 94528K, reserved 1179648K
  class space    used 12515K, committed 13312K, reserved 1048576K
}
Event: 98.370 GC heap after
{Heap after GC invocations=30 (full 0):
 garbage-first heap   total 118784K, used 72566K [0x0000000600000000, 0x0000000800000000)
  region size 4096K, 2 young (8192K), 2 survivors (8192K)
 Metaspace       used 92825K, committed 94528K, reserved 1179648K
  class space    used 12515K, committed 13312K, reserved 1048576K
}
Event: 102.541 GC heap before
{Heap before GC invocations=30 (full 0):
 garbage-first heap   total 118784K, used 105334K [0x0000000600000000, 0x0000000800000000)
  region size 4096K, 10 young (40960K), 2 survivors (8192K)
 Metaspace       used 96457K, committed 98048K, reserved 1179648K
  class space    used 12880K, committed 13632K, reserved 1048576K
}
Event: 102.554 GC heap after
{Heap after GC invocations=31 (full 0):
 garbage-first heap   total 118784K, used 75082K [0x0000000600000000, 0x0000000800000000)
  region size 4096K, 2 young (8192K), 2 survivors (8192K)
 Metaspace       used 96457K, committed 98048K, reserved 1179648K
  class space    used 12880K, committed 13632K, reserved 1048576K
}
Event: 104.201 GC heap before
{Heap before GC invocations=32 (full 0):
 garbage-first heap   total 131072K, used 103754K [0x0000000600000000, 0x0000000800000000)
  region size 4096K, 9 young (36864K), 2 survivors (8192K)
 Metaspace       used 100225K, committed 101824K, reserved 1179648K
  class space    used 13262K, committed 14016K, reserved 1048576K
}
Event: 104.211 GC heap after
{Heap after GC invocations=33 (full 0):
 garbage-first heap   total 131072K, used 77169K [0x0000000600000000, 0x0000000800000000)
  region size 4096K, 2 young (8192K), 2 survivors (8192K)
 Metaspace       used 100225K, committed 101824K, reserved 1179648K
  class space    used 13262K, committed 14016K, reserved 1048576K
}
Event: 107.968 GC heap before
{Heap before GC invocations=33 (full 0):
 garbage-first heap   total 131072K, used 109937K [0x0000000600000000, 0x0000000800000000)
  region size 4096K, 11 young (45056K), 2 survivors (8192K)
 Metaspace       used 105656K, committed 107264K, reserved 1179648K
  class space    used 13870K, committed 14656K, reserved 1048576K
}
Event: 107.984 GC heap after
{Heap after GC invocations=34 (full 0):
 garbage-first heap   total 131072K, used 77857K [0x0000000600000000, 0x0000000800000000)
  region size 4096K, 1 young (4096K), 1 survivors (4096K)
 Metaspace       used 105656K, committed 107264K, reserved 1179648K
  class space    used 13870K, committed 14656K, reserved 1048576K
}
Event: 110.837 GC heap before
{Heap before GC invocations=34 (full 0):
 garbage-first heap   total 131072K, used 114721K [0x0000000600000000, 0x0000000800000000)
  region size 4096K, 10 young (40960K), 1 survivors (4096K)
 Metaspace       used 112018K, committed 113664K, reserved 1179648K
  class space    used 14494K, committed 15296K, reserved 1048576K
}
Event: 110.844 GC heap after
{Heap after GC invocations=35 (full 0):
 garbage-first heap   total 131072K, used 78786K [0x0000000600000000, 0x0000000800000000)
  region size 4096K, 1 young (4096K), 1 survivors (4096K)
 Metaspace       used 112018K, committed 113664K, reserved 1179648K
  class space    used 14494K, committed 15296K, reserved 1048576K
}
Event: 116.267 GC heap before
{Heap before GC invocations=36 (full 0):
 garbage-first heap   total 139264K, used 115650K [0x0000000600000000, 0x0000000800000000)
  region size 4096K, 10 young (40960K), 1 survivors (4096K)
 Metaspace       used 117298K, committed 119040K, reserved 1179648K
  class space    used 15124K, committed 16000K, reserved 1048576K
}
Event: 116.278 GC heap after
{Heap after GC invocations=37 (full 0):
 garbage-first heap   total 139264K, used 79194K [0x0000000600000000, 0x0000000800000000)
  region size 4096K, 2 young (8192K), 2 survivors (8192K)
 Metaspace       used 117298K, committed 119040K, reserved 1179648K
  class space    used 15124K, committed 16000K, reserved 1048576K
}
Event: 120.223 GC heap before
{Heap before GC invocations=37 (full 0):
 garbage-first heap   total 139264K, used 120154K [0x0000000600000000, 0x0000000800000000)
  region size 4096K, 12 young (49152K), 2 survivors (8192K)
 Metaspace       used 120037K, committed 121920K, reserved 1179648K
  class space    used 15588K, committed 16512K, reserved 1048576K
}
Event: 120.235 GC heap after
{Heap after GC invocations=38 (full 0):
 garbage-first heap   total 139264K, used 81660K [0x0000000600000000, 0x0000000800000000)
  region size 4096K, 2 young (8192K), 2 survivors (8192K)
 Metaspace       used 120037K, committed 121920K, reserved 1179648K
  class space    used 15588K, committed 16512K, reserved 1048576K
}

Dll operation events (3 events):
Event: 0.119 Loaded shared library C:\Program Files\Android\Android Studio\jbr\bin\java.dll
Event: 0.793 Loaded shared library C:\Program Files\Android\Android Studio\jbr\bin\zip.dll
Event: 8.124 Loaded shared library C:\Program Files\Android\Android Studio\jbr\bin\verify.dll

Deoptimization events (20 events):
Event: 119.729 Thread 0x0000024d3be0a700 DEOPT PACKING pc=0x0000024d0a388e08 sp=0x0000007a7bff63a0
Event: 119.729 Thread 0x0000024d3be0a700 DEOPT UNPACKING pc=0x0000024d19024bc2 sp=0x0000007a7bff5888 mode 0
Event: 119.730 Thread 0x0000024d3be0a700 DEOPT PACKING pc=0x0000024d0a388e08 sp=0x0000007a7bff63a0
Event: 119.730 Thread 0x0000024d3be0a700 DEOPT UNPACKING pc=0x0000024d19024bc2 sp=0x0000007a7bff5888 mode 0
Event: 119.731 Thread 0x0000024d3be0a700 DEOPT PACKING pc=0x0000024d0a388e08 sp=0x0000007a7bff61c0
Event: 119.731 Thread 0x0000024d3be0a700 DEOPT UNPACKING pc=0x0000024d19024bc2 sp=0x0000007a7bff56a8 mode 0
Event: 119.732 Thread 0x0000024d3be0a700 DEOPT PACKING pc=0x0000024d0a388e08 sp=0x0000007a7bff61c0
Event: 119.732 Thread 0x0000024d3be0a700 DEOPT UNPACKING pc=0x0000024d19024bc2 sp=0x0000007a7bff56a8 mode 0
Event: 119.761 Thread 0x0000024d3be0a700 Uncommon trap: trap_request=0xffffffc6 fr.pc=0x0000024d1991957c relative=0x0000000000000abc
Event: 119.761 Thread 0x0000024d3be0a700 Uncommon trap: reason=bimorphic_or_optimized_type_check action=maybe_recompile pc=0x0000024d1991957c method=java.io.DataOutputStream.writeLong(J)V @ 20 c2
Event: 119.761 Thread 0x0000024d3be0a700 DEOPT PACKING pc=0x0000024d1991957c sp=0x0000007a7bff65a0
Event: 119.761 Thread 0x0000024d3be0a700 DEOPT UNPACKING pc=0x0000024d19024422 sp=0x0000007a7bff6578 mode 2
Event: 119.881 Thread 0x0000024d3be0a700 Uncommon trap: trap_request=0xffffff45 fr.pc=0x0000024d196bdd08 relative=0x00000000000002c8
Event: 119.881 Thread 0x0000024d3be0a700 Uncommon trap: reason=unstable_if action=reinterpret pc=0x0000024d196bdd08 method=java.lang.String.regionMatches(ZILjava/lang/String;II)Z @ 36 c2
Event: 119.881 Thread 0x0000024d3be0a700 DEOPT PACKING pc=0x0000024d196bdd08 sp=0x0000007a7bff6ca0
Event: 119.881 Thread 0x0000024d3be0a700 DEOPT UNPACKING pc=0x0000024d19024422 sp=0x0000007a7bff6c08 mode 2
Event: 120.138 Thread 0x0000024d3be0a700 Uncommon trap: trap_request=0xffffffde fr.pc=0x0000024d197a2494 relative=0x0000000000002bd4
Event: 120.138 Thread 0x0000024d3be0a700 Uncommon trap: reason=class_check action=maybe_recompile pc=0x0000024d197a2494 method=java.util.regex.Pattern$CharProperty.study(Ljava/util/regex/Pattern$TreeInfo;)Z @ 25 c2
Event: 120.138 Thread 0x0000024d3be0a700 DEOPT PACKING pc=0x0000024d197a2494 sp=0x0000007a7bff6ec0
Event: 120.138 Thread 0x0000024d3be0a700 DEOPT UNPACKING pc=0x0000024d19024422 sp=0x0000007a7bff6db8 mode 2

Classes loaded (20 events):
Event: 115.231 Loading class java/util/function/IntConsumer
Event: 115.231 Loading class java/util/function/IntConsumer done
Event: 115.488 Loading class jdk/internal/loader/URLClassPath$FileLoader
Event: 115.489 Loading class jdk/internal/loader/URLClassPath$FileLoader done
Event: 115.495 Loading class jdk/internal/loader/URLClassPath$FileLoader$1
Event: 115.496 Loading class jdk/internal/loader/URLClassPath$FileLoader$1 done
Event: 117.515 Loading class java/util/concurrent/RecursiveAction
Event: 117.615 Loading class java/util/concurrent/RecursiveAction done
Event: 119.168 Loading class java/util/stream/ReduceOps$2
Event: 119.168 Loading class java/util/stream/ReduceOps$2 done
Event: 119.168 Loading class java/util/stream/ReduceOps$2ReducingSink
Event: 119.168 Loading class java/util/stream/ReduceOps$2ReducingSink done
Event: 119.322 Loading class java/lang/StringIndexOutOfBoundsException
Event: 119.323 Loading class java/lang/StringIndexOutOfBoundsException done
Event: 119.387 Loading class sun/nio/cs/ISO_8859_1$Encoder
Event: 119.388 Loading class sun/nio/cs/ISO_8859_1$Encoder done
Event: 119.389 Loading class sun/nio/cs/Surrogate$Parser
Event: 119.390 Loading class sun/nio/cs/Surrogate$Parser done
Event: 119.390 Loading class sun/nio/cs/Surrogate
Event: 119.390 Loading class sun/nio/cs/Surrogate done

Classes unloaded (0 events):
No events

Classes redefined (0 events):
No events

Internal exceptions (20 events):
Event: 119.440 Thread 0x0000024d3be0a700 Exception <a 'sun/nio/fs/WindowsException'{0x0000000606e2ca90}> (0x0000000606e2ca90) 
thrown [s\src\hotspot\share\prims\jni.cpp, line 537]
Event: 119.440 Thread 0x0000024d3be0a700 Exception <a 'sun/nio/fs/WindowsException'{0x0000000606e2ef30}> (0x0000000606e2ef30) 
thrown [s\src\hotspot\share\prims\jni.cpp, line 537]
Event: 119.440 Thread 0x0000024d3be0a700 Exception <a 'sun/nio/fs/WindowsException'{0x0000000606e31398}> (0x0000000606e31398) 
thrown [s\src\hotspot\share\prims\jni.cpp, line 537]
Event: 119.441 Thread 0x0000024d3be0a700 Exception <a 'sun/nio/fs/WindowsException'{0x0000000606e33800}> (0x0000000606e33800) 
thrown [s\src\hotspot\share\prims\jni.cpp, line 537]
Event: 119.445 Thread 0x0000024d3be0a700 Exception <a 'sun/nio/fs/WindowsException'{0x0000000606e35b90}> (0x0000000606e35b90) 
thrown [s\src\hotspot\share\prims\jni.cpp, line 537]
Event: 119.445 Thread 0x0000024d3be0a700 Exception <a 'sun/nio/fs/WindowsException'{0x0000000606e37f20}> (0x0000000606e37f20) 
thrown [s\src\hotspot\share\prims\jni.cpp, line 537]
Event: 119.445 Thread 0x0000024d3be0a700 Exception <a 'sun/nio/fs/WindowsException'{0x0000000606e3a2f0}> (0x0000000606e3a2f0) 
thrown [s\src\hotspot\share\prims\jni.cpp, line 537]
Event: 119.446 Thread 0x0000024d3be0a700 Exception <a 'sun/nio/fs/WindowsException'{0x0000000606e3c288}> (0x0000000606e3c288) 
thrown [s\src\hotspot\share\prims\jni.cpp, line 537]
Event: 119.446 Thread 0x0000024d3be0a700 Exception <a 'sun/nio/fs/WindowsException'{0x0000000606e3e358}> (0x0000000606e3e358) 
thrown [s\src\hotspot\share\prims\jni.cpp, line 537]
Event: 119.473 Thread 0x0000024d3be0a700 Exception <a 'sun/nio/fs/WindowsException'{0x0000000606e458f8}> (0x0000000606e458f8) 
thrown [s\src\hotspot\share\prims\jni.cpp, line 537]
Event: 119.533 Thread 0x0000024d3be0a700 Exception <a 'sun/nio/fs/WindowsException'{0x0000000606e64d80}> (0x0000000606e64d80) 
thrown [s\src\hotspot\share\prims\jni.cpp, line 537]
Event: 119.534 Thread 0x0000024d3be0a700 Exception <a 'sun/nio/fs/WindowsException'{0x0000000606e66be0}> (0x0000000606e66be0) 
thrown [s\src\hotspot\share\prims\jni.cpp, line 537]
Event: 119.535 Thread 0x0000024d3be0a700 Exception <a 'sun/nio/fs/WindowsException'{0x0000000606e68920}> (0x0000000606e68920) 
thrown [s\src\hotspot\share\prims\jni.cpp, line 537]
Event: 119.535 Thread 0x0000024d3be0a700 Exception <a 'sun/nio/fs/WindowsException'{0x0000000606e6a650}> (0x0000000606e6a650) 
thrown [s\src\hotspot\share\prims\jni.cpp, line 537]
Event: 119.536 Thread 0x0000024d3be0a700 Exception <a 'sun/nio/fs/WindowsException'{0x0000000606e6c358}> (0x0000000606e6c358) 
thrown [s\src\hotspot\share\prims\jni.cpp, line 537]
Event: 119.720 Thread 0x0000024d3be0a700 Exception <a 'sun/nio/fs/WindowsException'{0x0000000605f60820}> (0x0000000605f60820) 
thrown [s\src\hotspot\share\prims\jni.cpp, line 537]
Event: 119.756 Thread 0x0000024d3be0a700 Exception <a 'sun/nio/fs/WindowsException'{0x00000006050476a8}> (0x00000006050476a8) 
thrown [s\src\hotspot\share\prims\jni.cpp, line 537]
Event: 120.118 Thread 0x0000024d3be0a700 Exception <a 'sun/nio/fs/WindowsException'{0x00000006052c8498}> (0x00000006052c8498) 
thrown [s\src\hotspot\share\prims\jni.cpp, line 537]
Event: 120.148 Thread 0x0000024d3be0a700 Exception <a 'sun/nio/fs/WindowsException'{0x00000006053bd378}> (0x00000006053bd378) 
thrown [s\src\hotspot\share\prims\jni.cpp, line 537]
Event: 120.221 Thread 0x0000024d3be0a700 Exception <a 'sun/nio/fs/WindowsException'{0x00000006053e6f00}> (0x00000006053e6f00) 
thrown [s\src\hotspot\share\prims\jni.cpp, line 537]

ZGC Phase Switch (0 events):
No events

VM Operations (20 events):
Event: 116.048 Executing non-safepoint VM operation: HandshakeAllThreads (Deoptimize) done
Event: 116.048 Executing safepoint VM operation: Cleanup
Event: 116.048 Executing safepoint VM operation: Cleanup done
Event: 116.252 Executing safepoint VM operation: G1CollectForAllocation (G1 Evacuation Pause)
Event: 116.278 Executing safepoint VM operation: G1CollectForAllocation (G1 Evacuation Pause) done
Event: 116.351 Executing non-safepoint VM operation: HandshakeAllThreads (Deoptimize)
Event: 116.351 Executing non-safepoint VM operation: HandshakeAllThreads (Deoptimize) done
Event: 117.352 Executing safepoint VM operation: Cleanup
Event: 117.352 Executing safepoint VM operation: Cleanup done
Event: 118.361 Executing safepoint VM operation: Cleanup
Event: 118.361 Executing safepoint VM operation: Cleanup done
Event: 119.376 Executing safepoint VM operation: Cleanup
Event: 119.377 Executing safepoint VM operation: Cleanup done
Event: 120.223 Executing safepoint VM operation: G1CollectForAllocation (G1 Evacuation Pause)
Event: 120.235 Executing safepoint VM operation: G1CollectForAllocation (G1 Evacuation Pause) done
Event: 120.364 Executing non-safepoint VM operation: HandshakeAllThreads (HandshakeForDeflation)
Event: 120.439 Executing non-safepoint VM operation: HandshakeAllThreads (HandshakeForDeflation) done
Event: 120.439 Executing non-safepoint VM operation: RendezvousGCThreads
Event: 120.440 Executing non-safepoint VM operation: RendezvousGCThreads done
Event: 120.466 Executing safepoint VM operation: G1PauseRemark

Memory protections (0 events):
No events

Nmethod flushes (20 events):
Event: 120.471 Thread 0x0000024d359dc7c0 flushing  nmethod 0x0000024d09c59410
Event: 120.471 Thread 0x0000024d359dc7c0 flushing  nmethod 0x0000024d09cbba10
Event: 120.471 Thread 0x0000024d359dc7c0 flushing  nmethod 0x0000024d09d35210
Event: 120.471 Thread 0x0000024d359dc7c0 flushing  nmethod 0x0000024d0a03fc10
Event: 120.471 Thread 0x0000024d359dc7c0 flushing  nmethod 0x0000024d0a1ec090
Event: 120.471 Thread 0x0000024d359dc7c0 flushing  nmethod 0x0000024d0a1ed710
Event: 120.471 Thread 0x0000024d359dc7c0 flushing  nmethod 0x0000024d0a240e90
Event: 120.471 Thread 0x0000024d359dc7c0 flushing  nmethod 0x0000024d19937510
Event: 120.471 Thread 0x0000024d359dc7c0 flushing  nmethod 0x0000024d1995e990
Event: 120.471 Thread 0x0000024d359dc7c0 flushing  nmethod 0x0000024d09336c90
Event: 120.471 Thread 0x0000024d359dc7c0 flushing  nmethod 0x0000024d093feb10
Event: 120.471 Thread 0x0000024d359dc7c0 flushing  nmethod 0x0000024d09531210
Event: 120.471 Thread 0x0000024d359dc7c0 flushing  nmethod 0x0000024d095b0a90
Event: 120.471 Thread 0x0000024d359dc7c0 flushing  nmethod 0x0000024d0960f010
Event: 120.471 Thread 0x0000024d359dc7c0 flushing  nmethod 0x0000024d098cd690
Event: 120.471 Thread 0x0000024d359dc7c0 flushing  nmethod 0x0000024d09a0a510
Event: 120.471 Thread 0x0000024d359dc7c0 flushing  nmethod 0x0000024d09a0ac90
Event: 120.471 Thread 0x0000024d359dc7c0 flushing  nmethod 0x0000024d09b33e10
Event: 120.471 Thread 0x0000024d359dc7c0 flushing  nmethod 0x0000024d0a0b8190
Event: 120.471 Thread 0x0000024d359dc7c0 flushing  nmethod 0x0000024d0a10d010

Events (20 events):
Event: 29.989 Thread 0x0000024d3be0a700 Thread added: 0x0000024d3b72e9e0
Event: 30.153 Thread 0x0000024d3be0a700 Thread added: 0x0000024d3b72f070
Event: 35.487 Thread 0x0000024d3be0a700 Thread added: 0x0000024d3b730420
Event: 35.584 Thread 0x0000024d3be0a700 Thread added: 0x0000024d3b72dcc0
Event: 38.780 Thread 0x0000024d3be0a700 Thread added: 0x0000024d3ad1aa40
Event: 38.902 Thread 0x0000024d3be0a700 Thread added: 0x0000024d3ad1a3b0
Event: 42.120 Thread 0x0000024d3be0a700 Thread added: 0x0000024d3ad1f900
Event: 42.524 Thread 0x0000024d3be0a700 Thread added: 0x0000024d3ad18970
Event: 44.541 Thread 0x0000024d3be0a700 Thread added: 0x0000024d3ad1d830
Event: 45.784 Thread 0x0000024d3be0a700 Thread added: 0x0000024d3ad1b0d0
Event: 66.131 Thread 0x0000024d35be90e0 Thread added: 0x0000024d3bd002a0
Event: 66.874 Thread 0x0000024d3bd002a0 Thread exited: 0x0000024d3bd002a0
Event: 79.340 Thread 0x0000024d3b72e9e0 Thread added: 0x0000024d3c11e550
Event: 97.638 Thread 0x0000024d35be90e0 Thread added: 0x0000024d3ed10050
Event: 99.066 Thread 0x0000024d3ed10050 Thread exited: 0x0000024d3ed10050
Event: 99.617 Thread 0x0000024d35be90e0 Thread added: 0x0000024d422eb490
Event: 99.955 Thread 0x0000024d422eb490 Thread exited: 0x0000024d422eb490
Event: 101.182 Thread 0x0000024d35be90e0 Thread added: 0x0000024d4832ef50
Event: 101.388 Thread 0x0000024d4832ef50 Thread exited: 0x0000024d4832ef50
Event: 119.353 Thread 0x0000024d3be0a700 Thread added: 0x0000024d48453030


Dynamic libraries:
0x00007ff64ad20000 - 0x00007ff64ad2a000 	C:\Program Files\Android\Android Studio\jbr\bin\java.exe
0x00007ffa4c350000 - 0x00007ffa4c549000 	C:\Windows\SYSTEM32\ntdll.dll
0x00007ffa4b520000 - 0x00007ffa4b5e2000 	C:\Windows\System32\KERNEL32.DLL
0x00007ffa4a050000 - 0x00007ffa4a347000 	C:\Windows\System32\KERNELBASE.dll
0x00007ffa49d00000 - 0x00007ffa49e00000 	C:\Windows\System32\ucrtbase.dll
0x00007ffa36e00000 - 0x00007ffa36e18000 	C:\Program Files\Android\Android Studio\jbr\bin\jli.dll
0x00007ffa4c0e0000 - 0x00007ffa4c27d000 	C:\Windows\System32\USER32.dll
0x00007ffa49ea0000 - 0x00007ffa49ec2000 	C:\Windows\System32\win32u.dll
0x00007ffa4c040000 - 0x00007ffa4c06b000 	C:\Windows\System32\GDI32.dll
0x00007ffa49be0000 - 0x00007ffa49cfa000 	C:\Windows\System32\gdi32full.dll
0x00007ffa49e00000 - 0x00007ffa49e9d000 	C:\Windows\System32\msvcp_win.dll
0x00007ffa2c9a0000 - 0x00007ffa2c9bb000 	C:\Program Files\Android\Android Studio\jbr\bin\VCRUNTIME140.dll
0x00007ffa376c0000 - 0x00007ffa3795b000 	C:\Windows\WinSxS\amd64_microsoft.windows.common-controls_6595b64144ccf1df_6.0.19041.6926_none_60b5a53971f8f7e6\COMCTL32.dll
0x00007ffa4aae0000 - 0x00007ffa4ab7e000 	C:\Windows\System32\msvcrt.dll
0x00007ffa4c010000 - 0x00007ffa4c03f000 	C:\Windows\System32\IMM32.DLL
0x00007ffa3ae00000 - 0x00007ffa3ae0c000 	C:\Program Files\Android\Android Studio\jbr\bin\vcruntime140_1.dll
0x00007ffa2b830000 - 0x00007ffa2b8bd000 	C:\Program Files\Android\Android Studio\jbr\bin\msvcp140.dll
0x00007ff9deb10000 - 0x00007ff9df7a6000 	C:\Program Files\Android\Android Studio\jbr\bin\server\jvm.dll
0x00007ffa4b110000 - 0x00007ffa4b1c1000 	C:\Windows\System32\ADVAPI32.dll
0x00007ffa4bca0000 - 0x00007ffa4bd3f000 	C:\Windows\System32\sechost.dll
0x00007ffa4bb10000 - 0x00007ffa4bc36000 	C:\Windows\System32\RPCRT4.dll
0x00007ffa49b20000 - 0x00007ffa49b47000 	C:\Windows\System32\bcrypt.dll
0x00007ffa4c070000 - 0x00007ffa4c0db000 	C:\Windows\System32\WS2_32.dll
0x00007ffa49810000 - 0x00007ffa4985b000 	C:\Windows\SYSTEM32\POWRPROF.dll
0x00007ffa37960000 - 0x00007ffa37987000 	C:\Windows\SYSTEM32\WINMM.dll
0x00007ffa421f0000 - 0x00007ffa421fa000 	C:\Windows\SYSTEM32\VERSION.dll
0x00007ffa497f0000 - 0x00007ffa49802000 	C:\Windows\SYSTEM32\UMPDC.dll
0x00007ffa47830000 - 0x00007ffa47842000 	C:\Windows\SYSTEM32\kernel.appcore.dll
0x00007ffa3abd0000 - 0x00007ffa3abda000 	C:\Program Files\Android\Android Studio\jbr\bin\jimage.dll
0x00007ffa34a80000 - 0x00007ffa34c81000 	C:\Windows\SYSTEM32\DBGHELP.DLL
0x00007ffa34a40000 - 0x00007ffa34a74000 	C:\Windows\SYSTEM32\dbgcore.DLL
0x00007ffa49b50000 - 0x00007ffa49bd2000 	C:\Windows\System32\bcryptPrimitives.dll
0x00007ffa32af0000 - 0x00007ffa32afe000 	C:\Program Files\Android\Android Studio\jbr\bin\instrument.dll
0x00007ffa2c500000 - 0x00007ffa2c520000 	C:\Program Files\Android\Android Studio\jbr\bin\java.dll
0x00007ffa2c240000 - 0x00007ffa2c258000 	C:\Program Files\Android\Android Studio\jbr\bin\zip.dll
0x00007ffa4a360000 - 0x00007ffa4aad1000 	C:\Windows\System32\SHELL32.dll
0x00007ffa47a30000 - 0x00007ffa481d6000 	C:\Windows\SYSTEM32\windows.storage.dll
0x00007ffa4b730000 - 0x00007ffa4ba83000 	C:\Windows\System32\combase.dll
0x00007ffa49310000 - 0x00007ffa4933b000 	C:\Windows\SYSTEM32\Wldp.dll
0x00007ffa4bd40000 - 0x00007ffa4be16000 	C:\Windows\System32\OLEAUT32.dll
0x00007ffa4b050000 - 0x00007ffa4b0fd000 	C:\Windows\System32\SHCORE.dll
0x00007ffa4bc40000 - 0x00007ffa4bc9b000 	C:\Windows\System32\shlwapi.dll
0x00007ffa498f0000 - 0x00007ffa49914000 	C:\Windows\SYSTEM32\profapi.dll
0x00007ffa35cd0000 - 0x00007ffa35ce0000 	C:\Program Files\Android\Android Studio\jbr\bin\net.dll
0x00007ffa3ec40000 - 0x00007ffa3ed4a000 	C:\Windows\SYSTEM32\WINHTTP.dll
0x00007ffa49040000 - 0x00007ffa490aa000 	C:\Windows\system32\mswsock.dll
0x00007ffa2bbc0000 - 0x00007ffa2bbd6000 	C:\Program Files\Android\Android Studio\jbr\bin\nio.dll
0x00007ffa35c80000 - 0x00007ffa35c90000 	C:\Program Files\Android\Android Studio\jbr\bin\verify.dll
0x00007ffa2cad0000 - 0x00007ffa2caf7000 	C:\Users\hp\.gradle\native\c067742578af261105cb4f569cf0c3c89f3d7b1fecec35dd04571415982c5e48\windows-amd64\native-platform.dll
0x00007ffa12550000 - 0x00007ffa12694000 	C:\Users\hp\.gradle\native\100fb08df4bc3b14c8652ba06237920a3bd2aa13389f12d3474272988ae205f9\windows-amd64\native-platform-file-events.dll
0x00007ffa35b50000 - 0x00007ffa35b59000 	C:\Program Files\Android\Android Studio\jbr\bin\management.dll
0x00007ffa348e0000 - 0x00007ffa348eb000 	C:\Program Files\Android\Android Studio\jbr\bin\management_ext.dll
0x00007ffa4a350000 - 0x00007ffa4a358000 	C:\Windows\System32\PSAPI.DLL
0x00007ffa49260000 - 0x00007ffa49278000 	C:\Windows\SYSTEM32\CRYPTSP.dll
0x00007ffa48960000 - 0x00007ffa48998000 	C:\Windows\system32\rsaenh.dll
0x00007ffa49860000 - 0x00007ffa4988e000 	C:\Windows\SYSTEM32\USERENV.dll
0x00007ffa49280000 - 0x00007ffa4928c000 	C:\Windows\SYSTEM32\CRYPTBASE.dll
0x00007ffa48d20000 - 0x00007ffa48d5b000 	C:\Windows\SYSTEM32\IPHLPAPI.DLL
0x00007ffa4b5f0000 - 0x00007ffa4b5f8000 	C:\Windows\System32\NSI.dll
0x00007ffa32b50000 - 0x00007ffa32b59000 	C:\Program Files\Android\Android Studio\jbr\bin\extnet.dll
0x00007ffa2e0e0000 - 0x00007ffa2e0e7000 	C:\Windows\system32\wshunix.dll

JVMTI agents:
C:\Users\hp\.gradle\wrapper\dists\gradle-8.10.2-all\7iv73wktx1xtkvlq19urqw1wm\gradle-8.10.2\lib\agents\gradle-instrumentation-agent-8.10.2.jar path:C:\Program Files\Android\Android Studio\jbr\bin\instrument.dll, loaded, initialized, instrumentlib options:none

dbghelp: loaded successfully - version: 4.0.5 - missing functions: none
symbol engine: initialized successfully - sym options: 0x614 - pdb path: .;C:\Program Files\Android\Android Studio\jbr\bin;C:\Windows\SYSTEM32;C:\Windows\WinSxS\amd64_microsoft.windows.common-controls_6595b64144ccf1df_6.0.19041.6926_none_60b5a53971f8f7e6;C:\Program Files\Android\Android Studio\jbr\bin\server;C:\Users\hp\.gradle\native\c067742578af261105cb4f569cf0c3c89f3d7b1fecec35dd04571415982c5e48\windows-amd64;C:\Users\hp\.gradle\native\100fb08df4bc3b14c8652ba06237920a3bd2aa13389f12d3474272988ae205f9\windows-amd64

VM Arguments:
jvm_args: -XX:MaxMetaspaceSize=4G -XX:ReservedCodeCacheSize=512m -XX:+HeapDumpOnOutOfMemoryError --add-opens=java.base/java.util=ALL-UNNAMED --add-opens=java.base/java.lang=ALL-UNNAMED --add-opens=java.base/java.lang.invoke=ALL-UNNAMED --add-opens=java.prefs/java.util.prefs=ALL-UNNAMED --add-exports=jdk.compiler/com.sun.tools.javac.api=ALL-UNNAMED --add-exports=jdk.compiler/com.sun.tools.javac.util=ALL-UNNAMED --add-opens=java.base/java.nio.charset=ALL-UNNAMED --add-opens=java.base/java.net=ALL-UNNAMED --add-opens=java.base/java.util.concurrent.atomic=ALL-UNNAMED -Xmx8G -Dfile.encoding=UTF-8 -Duser.country=IN -Duser.language=en -Duser.variant -javaagent:C:\Users\hp\.gradle\wrapper\dists\gradle-8.10.2-all\7iv73wktx1xtkvlq19urqw1wm\gradle-8.10.2\lib\agents\gradle-instrumentation-agent-8.10.2.jar 
java_command: org.gradle.launcher.daemon.bootstrap.GradleDaemon 8.10.2
java_class_path (initial): C:\Users\hp\.gradle\wrapper\dists\gradle-8.10.2-all\7iv73wktx1xtkvlq19urqw1wm\gradle-8.10.2\lib\gradle-daemon-main-8.10.2.jar
Launcher Type: SUN_STANDARD

[Global flags]
     intx CICompilerCount                          = 3                                         {product} {ergonomic}
     uint ConcGCThreads                            = 1                                         {product} {ergonomic}
     uint G1ConcRefinementThreads                  = 4                                         {product} {ergonomic}
   size_t G1HeapRegionSize                         = 4194304                                   {product} {ergonomic}
    uintx GCDrainStackTargetSize                   = 64                                        {product} {ergonomic}
     bool HeapDumpOnOutOfMemoryError               = true                                   {manageable} {command line}
   size_t InitialHeapSize                          = 134217728                                 {product} {ergonomic}
   size_t MarkStackSize                            = 4194304                                   {product} {ergonomic}
   size_t MaxHeapSize                              = 8589934592                                {product} {command line}
   size_t MaxMetaspaceSize                         = 4294967296                                {product} {command line}
   size_t MaxNewSize                               = 5150605312                                {product} {ergonomic}
   size_t MinHeapDeltaBytes                        = 4194304                                   {product} {ergonomic}
   size_t MinHeapSize                              = 8388608                                   {product} {ergonomic}
    uintx NonNMethodCodeHeapSize                   = 5832780                                {pd product} {ergonomic}
    uintx NonProfiledCodeHeapSize                  = 265519066                              {pd product} {ergonomic}
    uintx ProfiledCodeHeapSize                     = 265519066                              {pd product} {ergonomic}
    uintx ReservedCodeCacheSize                    = 536870912                              {pd product} {command line}
     bool SegmentedCodeCache                       = true                                      {product} {ergonomic}
   size_t SoftMaxHeapSize                          = 8589934592                             {manageable} {ergonomic}
     bool UseCompressedOops                        = true                           {product lp64_product} {ergonomic}
     bool UseG1GC                                  = true                                      {product} {ergonomic}
     bool UseLargePagesIndividualAllocation        = false                                  {pd product} {ergonomic}

Logging:
Log output configuration:
 #0: stdout all=warning uptime,level,tags foldmultilines=false
 #1: stderr all=off uptime,level,tags foldmultilines=false

Release file:
JAVA_VERSION="21.0.10" 
MODULES="java.base java.compiler java.datatransfer java.xml java.prefs java.desktop java.instrument java.logging java.management java.security.sasl java.naming java.rmi java.management.rmi java.net.http java.scripting java.security.jgss java.transaction.xa java.sql java.sql.rowset java.xml.crypto java.se java.smartcardio jdk.accessibility jdk.internal.jvmstat jdk.attach jdk.charsets jdk.internal.opt jdk.zipfs jdk.compiler jdk.crypto.ec jdk.crypto.cryptoki jdk.dynalink jdk.hotspot.agent jdk.httpserver jdk.internal.ed jdk.internal.le jdk.internal.vm.ci jdk.jartool jdk.javadoc jdk.jcmd jdk.jdeps jdk.jdwp.agent jdk.jdi jdk.jfr jdk.jlink jdk.jsobject jdk.localedata jdk.management jdk.management.agent jdk.management.jfr jdk.naming.dns jdk.naming.rmi jdk.net jdk.sctp jdk.security.auth jdk.security.jgss jdk.unsupported jdk.unsupported.desktop jdk.xml.dom" 
IMPLEMENTOR="JetBrains s.r.o." 
JAVA_RUNTIME_VERSION="21.0.10+-14961533-b1163.108" 
LIBC="default" 
OS_ARCH="x86_64" 
OS_NAME="Windows" 
SOURCE=".:git:1351622c2ff2" 

Environment Variables:
JAVA_HOME=C:\Program Files\Android\Android Studio\jbr
CLASSPATH=D:\studyhubapp\android\\gradle\wrapper\gradle-wrapper.jar
PATH=C:\Program Files\Android\Android Studio\jbr\bin;C:\src\flutter\bin\;C:\Program Files\Microsoft\jdk-21.0.11.10-hotspot\bin;C:\Windows\system32;C:\Windows;C:\Windows\System32\Wbem;C:\Windows\System32\WindowsPowerShell\v1.0\;C:\Windows\System32\OpenSSH\;C:\Program Files\Git\cmd;C:\Program Files\nodejs\;C:\Windows\system32;C:\Windows;C:\Windows\System32\Wbem;C:\Windows\System32\WindowsPowerShell\v1.0\;C:\Windows\System32\OpenSSH\;C:\Program Files\Git\cmd;C:\Windows\system32;C:\Windows;C:\Windows\System32\Wbem;C:\Windows\System32\WindowsPowerShell\v1.0\;C:\Windows\System32\OpenSSH\;C:\Program Files\Git\cmd;C:\Users\hp\AppData\Local\Microsoft\WindowsApps;C:\Users\hp\AppData\Local\Programs\Antigravity IDE\bin;C:\src\flutter\bin;C:\src\flutter\bin;C:\Program Files\Microsoft\jdk-21.0.11+9\bin;C:\Program Files\Microsoft\jdk-21.0.11.10-hotspot\bin;C:\Program Files\Microsoft\jdk-21.0.11.10-hotspot\bin;C:\Users\hp\AppData\Roaming\npm;D:\Microsoft VS Code\bin;C:\src\flutter\bin\mingit\cmd
USERNAME=hp
LANG=en_US.UTF-8
OS=Windows_NT
PROCESSOR_IDENTIFIER=Intel64 Family 6 Model 78 Stepping 3, GenuineIntel
TMP=C:\Users\hp\AppData\Local\Temp
TEMP=C:\Users\hp\AppData\Local\Temp




Periodic native trim disabled

JNI global refs:
JNI global refs: 25, weak refs: 0

JNI global refs memory usage: 835, weak refs: 833

Process memory usage:
Resident Set Size: 368564K (4% of 8282356K total physical memory with 234444K free physical memory)

OOME stack traces (most recent first):
Classloader memory used:
Loader org.gradle.internal.classloader.VisitableURLClassLoader                         : 90495K
Loader bootstrap                                                                       : 23663K
Loader org.gradle.initialization.MixInLegacyTypesClassLoader                           : 5007K
Loader jdk.internal.loader.ClassLoaders$PlatformClassLoader                            : 523K
Loader jdk.internal.jrtfs.JrtFileSystemProvider$JrtFsLoader                            : 331K
Loader jdk.internal.loader.ClassLoaders$AppClassLoader                                 : 234K
Loader org.gradle.internal.classloader.VisitableURLClassLoader                         : 32168B

Classes loaded by more than one classloader:
Class org.gradle.internal.classloader.FilteringClassLoader                            : loaded 2 times (x 105B)
Class jdk.internal.jimage.BasicImageReader                                            : loaded 2 times (x 95B)
Class org.gradle.internal.classloader.ClassLoaderHierarchy                            : loaded 2 times (x 70B)
Class org.gradle.api.internal.classpath.ManifestUtil                                  : loaded 2 times (x 71B)
Class jdk.internal.jimage.decompressor.StringSharingDecompressorFactory               : loaded 2 times (x 74B)
Class org.gradle.internal.classloader.DefaultClassLoaderFactory                       : loaded 2 times (x 82B)
Class org.gradle.internal.classloader.ClassLoaderVisitor                              : loaded 2 times (x 76B)
Class org.gradle.api.internal.classpath.EffectiveClassPath                            : loaded 2 times (x 90B)
Class org.gradle.api.internal.DefaultClassPathProvider                                : loaded 2 times (x 76B)
Class [Lorg.gradle.api.internal.ClassPathProvider;                                    : loaded 2 times (x 69B)
Class org.gradle.api.internal.ClassPathProvider                                       : loaded 2 times (x 70B)
Class jdk.internal.jrtfs.SystemImage                                                  : loaded 2 times (x 74B)
Class org.gradle.internal.service.UnknownServiceException                             : loaded 2 times (x 83B)
Class org.gradle.internal.classpath.TransformedClassPath                              : loaded 2 times (x 96B)
Class org.gradle.internal.classloader.InstrumentingClassLoader                        : loaded 2 times (x 70B)
Class jdk.internal.jrtfs.SystemImage$1                                                : loaded 2 times (x 78B)
Class jdk.internal.jrtfs.SystemImage$2                                                : loaded 2 times (x 76B)
Class org.gradle.internal.service.ServiceLocator                                      : loaded 2 times (x 70B)
Class jdk.internal.jrtfs.JrtFileSystemProvider                                        : loaded 2 times (x 101B)
Class jdk.internal.jimage.ImageLocation                                               : loaded 2 times (x 90B)
Class jdk.internal.jrtfs.JrtDirectoryStream$1                                         : loaded 2 times (x 83B)
Class org.gradle.internal.InternalTransformer                                         : loaded 2 times (x 70B)
Class jdk.internal.jimage.ImageBufferCache$1                                          : loaded 2 times (x 83B)
Class org.gradle.internal.classloader.ClasspathUtil$1                                 : loaded 2 times (x 76B)
Class jdk.internal.jimage.ImageBufferCache$2                                          : loaded 2 times (x 91B)
Class org.gradle.api.internal.classpath.DefaultModuleRegistry$DefaultModule           : loaded 2 times (x 86B)
Class org.gradle.api.internal.classpath.Module                                        : loaded 2 times (x 70B)
Class org.gradle.api.internal.classpath.UnknownModuleException                        : loaded 2 times (x 82B)
Class jdk.internal.jimage.ImageHeader                                                 : loaded 2 times (x 71B)
Class org.gradle.api.internal.DefaultClassPathRegistry                                : loaded 2 times (x 76B)
Class org.gradle.api.internal.ClassPathRegistry                                       : loaded 2 times (x 70B)
Class org.gradle.internal.classpath.DefaultClassPath$ImmutableUniqueList              : loaded 2 times (x 199B)
Class jdk.internal.jimage.decompressor.ResourceDecompressor                           : loaded 2 times (x 70B)
Class Settings_gradle$1                                                               : loaded 2 times (x 74B)
Class Program                                                                         : loaded 2 times (x 72B)
Class org.gradle.internal.classpath.ClassPath                                         : loaded 2 times (x 70B)
Class org.gradle.api.UncheckedIOException                                             : loaded 2 times (x 82B)
Class jdk.internal.jimage.ImageStringsReader                                          : loaded 2 times (x 80B)
Class jdk.internal.jimage.ImageReader                                                 : loaded 2 times (x 75B)
Class jdk.internal.jimage.ImageReader$SharedImageReader                               : loaded 2 times (x 95B)
Class org.gradle.internal.installation.GradleInstallation$1                           : loaded 2 times (x 75B)
Class org.gradle.api.internal.classpath.ModuleRegistry                                : loaded 2 times (x 70B)
Class jdk.internal.jimage.decompressor.ResourceDecompressorFactory                    : loaded 2 times (x 74B)
Class jdk.internal.jimage.ImageReader$Node                                            : loaded 2 times (x 84B)
Class org.gradle.api.internal.classpath.DefaultModuleRegistry                         : loaded 2 times (x 86B)
Class jdk.internal.jimage.BasicImageReader$1                                          : loaded 2 times (x 77B)
Class jdk.internal.jimage.decompressor.Decompressor                                   : loaded 2 times (x 72B)
Class jdk.internal.jimage.ImageReader$Resource                                        : loaded 2 times (x 84B)
Class org.gradle.internal.service.ServiceLookupException                              : loaded 2 times (x 82B)
Class jdk.internal.jrtfs.JrtFileAttributes                                            : loaded 2 times (x 83B)
Class org.gradle.internal.classloader.ClassLoaderFactory                              : loaded 2 times (x 70B)
Class org.gradle.internal.service.CachingServiceLocator                               : loaded 2 times (x 82B)
Class jdk.internal.jimage.ImageBufferCache                                            : loaded 2 times (x 71B)
Class jdk.internal.jrtfs.JrtPath                                                      : loaded 2 times (x 118B)
Class org.gradle.internal.classloader.ClasspathUtil                                   : loaded 2 times (x 71B)
Class org.gradle.api.specs.Spec                                                       : loaded 2 times (x 70B)
Class jdk.internal.jimage.ImageReader$SharedImageReader$LocationVisitor               : loaded 2 times (x 70B)
Class jdk.internal.jimage.decompressor.ResourceDecompressorRepository                 : loaded 2 times (x 71B)
Class jdk.internal.jimage.ImageReader$Directory                                       : loaded 2 times (x 84B)
Class org.gradle.internal.classloader.VisitableURLClassLoader$InstrumentingVisitableURLClassLoader: loaded 2 times (x 123B)
Class org.gradle.internal.classloader.VisitableURLClassLoader$Spec                    : loaded 2 times (x 74B)
Class org.gradle.internal.classpath.DefaultClassPath                                  : loaded 2 times (x 90B)
Class jdk.internal.jimage.decompressor.ZipDecompressorFactory                         : loaded 2 times (x 74B)
Class org.gradle.internal.classloader.ClassLoaderSpec                                 : loaded 2 times (x 71B)
Class Settings_gradle$1$1                                                             : loaded 2 times (x 74B)
Class org.gradle.internal.classloader.VisitableURLClassLoader                         : loaded 2 times (x 117B)
Class Settings_gradle                                                                 : loaded 2 times (x 128B)
Class org.gradle.internal.Cast                                                        : loaded 2 times (x 71B)
Class org.gradle.api.Action                                                           : loaded 2 times (x 70B)
Class jdk.internal.jimage.decompressor.ZipDecompressor                                : loaded 2 times (x 75B)
Class org.gradle.internal.classpath.DefaultClassPath$ImmutableUniqueList$Builder      : loaded 2 times (x 75B)
Class org.gradle.api.GradleException                                                  : loaded 2 times (x 82B)
Class jdk.internal.jimage.ImageStrings                                                : loaded 2 times (x 70B)
Class org.gradle.internal.IoActions                                                   : loaded 2 times (x 71B)
Class org.gradle.internal.classloader.SystemClassLoaderSpec                           : loaded 2 times (x 71B)
Class jdk.internal.jrtfs.JrtFileSystem                                                : loaded 2 times (x 102B)
Class jdk.internal.jimage.decompressor.CompressedResourceHeader                       : loaded 2 times (x 71B)
Class org.gradle.api.internal.classpath.GlobalCacheRootsProvider                      : loaded 2 times (x 70B)
Class org.gradle.internal.installation.CurrentGradleInstallationLocator               : loaded 2 times (x 71B)
Class org.gradle.internal.service.DefaultServiceLocator                               : loaded 2 times (x 83B)
Class jdk.internal.jrtfs.JrtDirectoryStream                                           : loaded 2 times (x 89B)
Class org.gradle.internal.installation.CurrentGradleInstallation                      : loaded 2 times (x 73B)
Class org.gradle.util.internal.GUtil                                                  : loaded 2 times (x 71B)
Class org.gradle.internal.installation.GradleInstallation                             : loaded 2 times (x 75B)
Class jdk.internal.jimage.decompressor.ResourceDecompressor$StringsProvider           : loaded 2 times (x 70B)

---------------  S Y S T E M  ---------------

OS:
 Windows 10 , 64 bit Build 19041 (10.0.19041.7291)
OS uptime: 5 days 15:44 hours

CPU: total 4 (initial active 4) (2 cores per cpu, 2 threads per core) family 6 model 78 stepping 3 microcode 0xe2, cx8, cmov, fxsr, ht, mmx, 3dnowpref, sse, sse2, sse3, ssse3, sse4.1, sse4.2, popcnt, lzcnt, tsc, tscinvbit, avx, avx2, aes, erms, clmul, bmi1, bmi2, adx, fma, vzeroupper, clflush, clflushopt, rdtscp, f16c
Processor Information for the first 4 processors :
  Max Mhz: 2400, Current Mhz: 2300, Mhz Limit: 2280

Memory: 4k page, system-wide physical 8088M (232M free)
TotalPageFile size 26112M (AvailPageFile size 8M)
current process WorkingSet (physical memory assigned to process): 360M, peak: 373M
current process commit charge ("private bytes"): 426M, peak: 442M

vm_info: OpenJDK 64-Bit Server VM (21.0.10+-14961533-b1163.108) for windows-amd64 JRE (21.0.10+-14961533-b1163.108), built on 2026-03-02T19:58:50Z by "builder" with MS VC++ 16.10 / 16.11 (VS2019)

END.
